Component: ARM Compiler 5.06 update 4 (build 422) Tool: armlink [4d35d2]

==============================================================================

Section Cross References

    main.o(.text) refers to timer.o(.text) for TIM3_Int_Init
    main.o(.text) refers to usart3.o(.text) for usart3_init
    main.o(.text) refers to gizwits_protocol.o(.text) for gizwitsInit
    main.o(.text) refers to stmflash.o(.text) for STMFLASH_Read
    main.o(.text) refers to oled.o(.text) for OLED_Fill
    main.o(.text) refers to delay.o(.text) for delay_init
    main.o(.text) refers to system_stm32f10x.o(.text) for SystemInit
    main.o(.text) refers to misc.o(.text) for NVIC_PriorityGroupConfig
    main.o(.text) refers to usart.o(.text) for uart_init
    main.o(.text) refers to led.o(.text) for LED_Init
    main.o(.text) refers to adc.o(.text) for Adc_Init
    main.o(.text) refers to dht11.o(.text) for DHT11_Init
    main.o(.text) refers to printfa.o(i.__0printf) for __2printf
    main.o(.text) refers to ffltui.o(.text) for __aeabi_ui2f
    main.o(.text) refers to f2d.o(.text) for __aeabi_f2d
    main.o(.text) refers to dmul.o(.text) for __aeabi_dmul
    main.o(.text) refers to d2f.o(.text) for __aeabi_d2f
    main.o(.text) refers to fmul.o(.text) for __aeabi_fmul
    main.o(.text) refers to ffixui.o(.text) for __aeabi_f2uiz
    main.o(.text) refers to key.o(.text) for KEY_Scan
    main.o(.text) refers to main.o(.bss) for currentDataPoint
    main.o(.text) refers to main.o(.data) for test_flash
    main.o(.text) refers to main.o(.constdata) for .constdata
    system_stm32f10x.o(.text) refers to system_stm32f10x.o(.data) for SystemCoreClock
    led.o(.text) refers to stm32f10x_rcc.o(.text) for RCC_APB2PeriphClockCmd
    led.o(.text) refers to stm32f10x_gpio.o(.text) for GPIO_Init
    oled.o(.text) refers to stm32f10x_rcc.o(.text) for RCC_APB2PeriphClockCmd
    oled.o(.text) refers to stm32f10x_gpio.o(.text) for GPIO_Init
    oled.o(.text) refers to delay.o(.text) for delay_ms
    oled.o(.text) refers to oled.o(.constdata) for F8X16
    adc.o(.text) refers to stm32f10x_rcc.o(.text) for RCC_APB2PeriphClockCmd
    adc.o(.text) refers to stm32f10x_gpio.o(.text) for GPIO_Init
    adc.o(.text) refers to stm32f10x_adc.o(.text) for ADC_DeInit
    adc.o(.text) refers to delay.o(.text) for delay_ms
    stmflash.o(.text) refers to stm32f10x_flash.o(.text) for FLASH_ProgramHalfWord
    stmflash.o(.text) refers to stmflash.o(.bss) for STMFLASH_BUF
    dht11.o(.text) refers to delay.o(.text) for delay_ms
    dht11.o(.text) refers to stm32f10x_rcc.o(.text) for RCC_APB2PeriphClockCmd
    dht11.o(.text) refers to stm32f10x_gpio.o(.text) for GPIO_Init
    timer.o(.text) refers to stm32f10x_rcc.o(.text) for RCC_APB1PeriphClockCmd
    timer.o(.text) refers to stm32f10x_tim.o(.text) for TIM_TimeBaseInit
    timer.o(.text) refers to misc.o(.text) for NVIC_Init
    timer.o(.text) refers to gizwits_product.o(.text) for gizTimerMs
    usart3.o(.text) refers to stm32f10x_usart.o(.text) for USART_GetITStatus
    usart3.o(.text) refers to gizwits_protocol.o(.text) for gizPutData
    usart3.o(.text) refers to stm32f10x_rcc.o(.text) for RCC_APB2PeriphClockCmd
    usart3.o(.text) refers to stm32f10x_gpio.o(.text) for GPIO_Init
    usart3.o(.text) refers to misc.o(.text) for NVIC_Init
    key.o(.text) refers to stm32f10x_rcc.o(.text) for RCC_APB2PeriphClockCmd
    key.o(.text) refers to stm32f10x_gpio.o(.text) for GPIO_PinRemapConfig
    key.o(.text) refers to delay.o(.text) for delay_ms
    key.o(.text) refers to key.o(.data) for key_up
    delay.o(.text) refers to misc.o(.text) for SysTick_CLKSourceConfig
    delay.o(.text) refers to system_stm32f10x.o(.data) for SystemCoreClock
    delay.o(.text) refers to delay.o(.data) for fac_us
    usart.o(.text) refers to stm32f10x_rcc.o(.text) for RCC_APB2PeriphClockCmd
    usart.o(.text) refers to stm32f10x_gpio.o(.text) for GPIO_Init
    usart.o(.text) refers to misc.o(.text) for NVIC_Init
    usart.o(.text) refers to stm32f10x_usart.o(.text) for USART_Init
    usart.o(.text) refers to usart.o(.data) for USART_RX_STA
    usart.o(.text) refers to usart.o(.bss) for USART_RX_BUF
    startup_stm32f10x_hd.o(RESET) refers to startup_stm32f10x_hd.o(STACK) for __initial_sp
    startup_stm32f10x_hd.o(RESET) refers to startup_stm32f10x_hd.o(.text) for Reset_Handler
    startup_stm32f10x_hd.o(RESET) refers to stm32f10x_it.o(.text) for NMI_Handler
    startup_stm32f10x_hd.o(RESET) refers to timer.o(.text) for TIM3_IRQHandler
    startup_stm32f10x_hd.o(RESET) refers to usart.o(.text) for USART1_IRQHandler
    startup_stm32f10x_hd.o(RESET) refers to usart3.o(.text) for USART3_IRQHandler
    startup_stm32f10x_hd.o(.text) refers to system_stm32f10x.o(.text) for SystemInit
    startup_stm32f10x_hd.o(.text) refers to entry.o(.ARM.Collect$$$$00000000) for __main
    stm32f10x_gpio.o(.text) refers to stm32f10x_rcc.o(.text) for RCC_APB2PeriphResetCmd
    stm32f10x_rcc.o(.text) refers to stm32f10x_rcc.o(.data) for APBAHBPrescTable
[...]
    printfa.o(i.__0sprintf) refers (Special) to iusefp.o(.text) for __I$use$fp
    printfa.o(i.__0sprintf) refers to printfa.o(i._printf_core) for _printf_core
    printfa.o(i.__0sprintf) refers to printfa.o(i._sputc) for _sputc
    printfa.o(i.__0vfprintf) refers (Special) to iusefp.o(.text) for __I$use$fp
    printfa.o(i.__0vfprintf) refers to printfa.o(i._printf_core) for _printf_core
    printfa.o(i.__0vfprintf) refers to usart.o(.text) for fputc
    printfa.o(i.__0vprintf) refers (Special) to iusefp.o(.text) for __I$use$fp
    printfa.o(i.__0vprintf) refers to printfa.o(i._printf_core) for _printf_core
    printfa.o(i.__0vprintf) refers to usart.o(.text) for fputc
    printfa.o(i.__0vprintf) refers to usart.o(.data) for __stdout
    printfa.o(i.__0vsnprintf) refers (Special) to iusefp.o(.text) for __I$use$fp
    printfa.o(i.__0vsnprintf) refers to printfa.o(i._printf_core) for _printf_core
    printfa.o(i.__0vsnprintf) refers to printfa.o(i._snputc) for _snputc
    printfa.o(i.__0vsprintf) refers (Special) to iusefp.o(.text) for __I$use$fp
    printfa.o(i.__0vsprintf) refers to printfa.o(i._printf_core) for _printf_core
    printfa.o(i.__0vsprintf) refers to printfa.o(i._sputc) for _sputc
    printfa.o(i._fp_digits) refers (Special) to iusefp.o(.text) for __I$use$fp
    printfa.o(i._fp_digits) refers to dmul.o(.text) for __aeabi_dmul
    printfa.o(i._fp_digits) refers to ddiv.o(.text) for __aeabi_ddiv
    printfa.o(i._fp_digits) refers to cdrcmple.o(.text) for __aeabi_cdrcmple
    printfa.o(i._fp_digits) refers to dadd.o(.text) for __aeabi_dadd
    printfa.o(i._fp_digits) refers to dfixul.o(.text) for __aeabi_d2ulz
    printfa.o(i._fp_digits) refers to uldiv.o(.text) for __aeabi_uldivmod
    printfa.o(i._printf_core) refers (Special) to iusefp.o(.text) for __I$use$fp
    printfa.o(i._printf_core) refers to printfa.o(i._printf_pre_padding) for _printf_pre_padding
    printfa.o(i._printf_core) refers to uldiv.o(.text) for __aeabi_uldivmod
    printfa.o(i._printf_core) refers to printfa.o(i._printf_post_padding) for _printf_post_padding
    printfa.o(i._printf_core) refers to printfa.o(i._fp_digits) for _fp_digits
    printfa.o(i._printf_core) refers to uidiv.o(.text) for __aeabi_uidivmod
    printfa.o(i._printf_post_padding) refers (Special) to iusefp.o(.text) for __I$use$fp
    printfa.o(i._printf_pre_padding) refers (Special) to iusefp.o(.text) for __I$use$fp
    printfa.o(i._snputc) refers (Special) to iusefp.o(.text) for __I$use$fp
    printfa.o(i._sputc) refers (Special) to iusefp.o(.text) for __I$use$fp
    fadd.o(.text) refers (Special) to iusefp.o(.text) for __I$use$fp
    fadd.o(.text) refers to fepilogue.o(.text) for _float_epilogue
    fmul.o(.text) refers (Special) to iusefp.o(.text) for __I$use$fp
    fdiv.o(.text) refers (Special) to iusefp.o(.text) for __I$use$fp
    fdiv.o(.text) refers to fepilogue.o(.text) for _float_round
    dmul.o(.text) refers (Special) to iusefp.o(.text) for __I$use$fp
    dmul.o(.text) refers to depilogue.o(.text) for _double_epilogue
    ffltui.o(.text) refers (Special) to iusefp.o(.text) for __I$use$fp
    ffltui.o(.text) refers to fepilogue.o(.text) for _float_epilogue
    ffixui.o(.text) refers (Special) to iusefp.o(.text) for __I$use$fp
    f2d.o(.text) refers (Special) to iusefp.o(.text) for __I$use$fp
    d2f.o(.text) refers (Special) to iusefp.o(.text) for __I$use$fp
    d2f.o(.text) refers to fepilogue.o(.text) for _float_round
    entry2.o(.ARM.Collect$$$$00000001) refers to entry2.o(.ARM.Collect$$$$00002712) for __lit__00000000
    entry2.o(.ARM.Collect$$$$00002712) refers to startup_stm32f10x_hd.o(STACK) for __initial_sp
    entry2.o(__vectab_stack_and_reset_area) refers to startup_stm32f10x_hd.o(STACK) for __initial_sp
    entry2.o(__vectab_stack_and_reset_area) refers to entry.o(.ARM.Collect$$$$00000000) for __main
    entry5.o(.ARM.Collect$$$$00000004) refers to init.o(.text) for __scatterload
    entry9a.o(.ARM.Collect$$$$0000000B) refers to main.o(.text) for main
    entry9b.o(.ARM.Collect$$$$0000000C) refers to main.o(.text) for main
    uldiv.o(.text) refers to llushr.o(.text) for __aeabi_llsr
    uldiv.o(.text) refers to llshl.o(.text) for __aeabi_llsl
    depilogue.o(.text) refers to llshl.o(.text) for __aeabi_llsl
    depilogue.o(.text) refers to llushr.o(.text) for __aeabi_llsr
    dadd.o(.text) refers to llshl.o(.text) for __aeabi_llsl
    dadd.o(.text) refers to llsshr.o(.text) for __aeabi_lasr
    dadd.o(.text) refers to depilogue.o(.text) for _double_epilogue
    ddiv.o(.text) refers to depilogue.o(.text) for _double_round
    dfixul.o(.text) refers to llushr.o(.text) for __aeabi_llsr
    dfixul.o(.text) refers to llshl.o(.text) for __aeabi_llsl
    init.o(.text) refers to entry5.o(.ARM.Collect$$$$00000004) for __main_after_scatterload


==============================================================================

Removing Unused input sections from the image.

    Removing sys.o(.emb_text), (6 bytes).
    Removing sys.o(.text), (12 bytes).
    Removing core_cm3.o(.emb_text), (32 bytes).
    Removing startup_stm32f10x_hd.o(HEAP), (512 bytes).
    Removing stm32f10x_dma.o(.text), (596 bytes).

5 unused section(s) (total 1158 bytes) removed from the image.

==============================================================================

Image Symbol Table

    Local Symbols

    Symbol Name                              Value     Ov Type        Size  Object(Section)

    ../clib/microlib/ctype/toupper.c         0x00000000   Number         0  toupper.o ABSOLUTE
    ../clib/microlib/division.c              0x00000000   Number         0  uldiv.o ABSOLUTE
    ../clib/microlib/division.c              0x00000000   Number         0  uidiv.o ABSOLUTE
    ../clib/microlib/init/entry.s            0x00000000   Number         0  entry10a.o ABSOLUTE
    ../clib/microlib/init/entry.s            0x00000000   Number         0  entry.o ABSOLUTE
    ../clib/microlib/init/entry.s            0x00000000   Number         0  entry8a.o ABSOLUTE
    ../clib/microlib/init/entry.s            0x00000000   Number         0  entry10b.o ABSOLUTE
    ../clib/microlib/init/entry.s            0x00000000   Number         0  entry9a.o ABSOLUTE
    ../clib/microlib/init/entry.s            0x00000000   Number         0  entry7b.o ABSOLUTE
    ../clib/microlib/init/entry.s            0x00000000   Number         0  entry2.o ABSOLUTE
    ../clib/microlib/init/entry.s            0x00000000   Number         0  entry7a.o ABSOLUTE
    ../clib/microlib/init/entry.s            0x00000000   Number         0  entry11a.o ABSOLUTE
    ../clib/microlib/init/entry.s            0x00000000   Number         0  entry9b.o ABSOLUTE
    ../clib/microlib/init/entry.s            0x00000000   Number         0  entry5.o ABSOLUTE
    ../clib/microlib/init/entry.s            0x00000000   Number         0  entry11b.o ABSOLUTE
    ../clib/microlib/init/entry.s            0x00000000   Number         0  entry8b.o ABSOLUTE
    ../clib/microlib/longlong.c              0x00000000   Number         0  llsshr.o ABSOLUTE
    ../clib/microlib/longlong.c              0x00000000   Number         0  llushr.o ABSOLUTE
    ../clib/microlib/longlong.c              0x00000000   Number         0  llshl.o ABSOLUTE
    ../clib/microlib/printf/printf.c         0x00000000   Number         0  printf0.o ABSOLUTE
    ../clib/microlib/printf/printf.c         0x00000000   Number         0  printf1.o ABSOLUTE
    ../clib/microlib/printf/printf.c         0x00000000   Number         0  printf3.o ABSOLUTE
    ../clib/microlib/printf/printf.c         0x00000000   Number         0  printf4.o ABSOLUTE
    ../clib/microlib/printf/printf.c         0x00000000   Number         0  printf7.o ABSOLUTE
    ../clib/microlib/printf/printf.c         0x00000000   Number         0  printf8.o ABSOLUTE
    ../clib/microlib/printf/printf.c         0x00000000   Number         0  printfa.o ABSOLUTE
    ../clib/microlib/printf/printf.c         0x00000000   Number         0  printf2.o ABSOLUTE
    ../clib/microlib/printf/printf.c         0x00000000   Number         0  printf6.o ABSOLUTE
    ../clib/microlib/printf/printf.c         0x00000000   Number         0  printf5.o ABSOLUTE
    ../clib/microlib/printf/printf.c         0x00000000   Number         0  printfb.o ABSOLUTE
    ../clib/microlib/printf/stubs.s          0x00000000   Number         0  stubs.o ABSOLUTE
    ../clib/microlib/string/memcpy.c         0x00000000   Number         0  memcpyb.o ABSOLUTE
    ../clib/microlib/string/memcpy.c         0x00000000   Number         0  memcpya.o ABSOLUTE
    ../clib/microlib/string/memset.c         0x00000000   Number         0  memseta.o ABSOLUTE
    ../clib/microlib/string/strlen.c         0x00000000   Number         0  strlen.o ABSOLUTE
    ../clib/microlib/stubs.s                 0x00000000   Number         0  iusefp.o ABSOLUTE
    ../clib/microlib/stubs.s                 0x00000000   Number         0  useno.o ABSOLUTE
    ../fplib/microlib/d2f.c                  0x00000000   Number         0  d2f.o ABSOLUTE
    ../fplib/microlib/f2d.c                  0x00000000   Number         0  f2d.o ABSOLUTE
    ../fplib/microlib/fpadd.c                0x00000000   Number         0  dadd.o ABSOLUTE
    ../fplib/microlib/fpadd.c                0x00000000   Number         0  fadd.o ABSOLUTE
    ../fplib/microlib/fpdiv.c                0x00000000   Number         0  ddiv.o ABSOLUTE
    ../fplib/microlib/fpdiv.c                0x00000000   Number         0  fdiv.o ABSOLUTE
    ../fplib/microlib/fpepilogue.c           0x00000000   Number         0  depilogue.o ABSOLUTE
    ../fplib/microlib/fpepilogue.c           0x00000000   Number         0  fepilogue.o ABSOLUTE
    ../fplib/microlib/fpfix.c                0x00000000   Number         0  dfixul.o ABSOLUTE
    ../fplib/microlib/fpfix.c                0x00000000   Number         0  ffixui.o ABSOLUTE
    ../fplib/microlib/fpflt.c                0x00000000   Number         0  ffltui.o ABSOLUTE
    ../fplib/microlib/fpmul.c                0x00000000   Number         0  dmul.o ABSOLUTE
    ../fplib/microlib/fpmul.c                0x00000000   Number         0  fmul.o ABSOLUTE
    ..\CORE\core_cm3.c                       0x00000000   Number         0  core_cm3.o ABSOLUTE
    ..\CORE\startup_stm32f10x_hd.s           0x00000000   Number         0  startup_stm32f10x_hd.o ABSOLUTE
    ..\Gizwits\gizwits_product.c             0x00000000   Number         0  gizwits_product.o ABSOLUTE
    ..\Gizwits\gizwits_protocol.c            0x00000000   Number         0  gizwits_protocol.o ABSOLUTE
    ..\HARDWARE\ADC\adc.c                    0x00000000   Number         0  adc.o ABSOLUTE
    ..\HARDWARE\DHT11\dht11.c                0x00000000   Number         0  dht11.o ABSOLUTE
    ..\HARDWARE\FLASH\stmflash.c             0x00000000   Number         0  stmflash.o ABSOLUTE
    ..\HARDWARE\KEY\key.c                    0x00000000   Number         0  key.o ABSOLUTE
    ..\HARDWARE\LED\led.c                    0x00000000   Number         0  led.o ABSOLUTE
    ..\HARDWARE\OLED\OLED.c                  0x00000000   Number         0  oled.o ABSOLUTE
    ..\HARDWARE\TIMER\timer.c                0x00000000   Number         0  timer.o ABSOLUTE
    ..\HARDWARE\USART3\usart3.c              0x00000000   Number         0  usart3.o ABSOLUTE
    ..\STM32F10x_FWLib\src\misc.c            0x00000000   Number         0  misc.o ABSOLUTE
    ..\STM32F10x_FWLib\src\stm32f10x_adc.c   0x00000000   Number         0  stm32f10x_adc.o ABSOLUTE
    ..\STM32F10x_FWLib\src\stm32f10x_dma.c   0x00000000   Number         0  stm32f10x_dma.o ABSOLUTE
    ..\STM32F10x_FWLib\src\stm32f10x_flash.c 0x00000000   Number         0  stm32f10x_flash.o ABSOLUTE
    ..\STM32F10x_FWLib\src\stm32f10x_gpio.c  0x00000000   Number         0  stm32f10x_gpio.o ABSOLUTE
    ..\STM32F10x_FWLib\src\stm32f10x_rcc.c   0x00000000   Number         0  stm32f10x_rcc.o ABSOLUTE
    ..\STM32F10x_FWLib\src\stm32f10x_tim.c   0x00000000   Number         0  stm32f10x_tim.o ABSOLUTE
    ..\STM32F10x_FWLib\src\stm32f10x_usart.c 0x00000000   Number         0  stm32f10x_usart.o ABSOLUTE
    ..\SYSTEM\delay\delay.c                  0x00000000   Number         0  delay.o ABSOLUTE
    ..\SYSTEM\sys\sys.c                      0x00000000   Number         0  sys.o ABSOLUTE
    ..\SYSTEM\usart\usart.c                  0x00000000   Number         0  usart.o ABSOLUTE
    ..\Utils\common.c                        0x00000000   Number         0  common.o ABSOLUTE
    ..\Utils\dataPointTools.c                0x00000000   Number         0  datapointtools.o ABSOLUTE
    ..\Utils\ringbuffer.c                    0x00000000   Number         0  ringbuffer.o ABSOLUTE
    ..\\CORE\\core_cm3.c                     0x00000000   Number         0  core_cm3.o ABSOLUTE
    ..\\SYSTEM\\sys\\sys.c                   0x00000000   Number         0  sys.o ABSOLUTE
    cdrcmple.s                               0x00000000   Number         0  cdrcmple.o ABSOLUTE
    dc.s                                     0x00000000   Number         0  dc.o ABSOLUTE
    handlers.s                               0x00000000   Number         0  handlers.o ABSOLUTE
    init.s                                   0x00000000   Number         0  init.o ABSOLUTE
    main.c                                   0x00000000   Number         0  main.o ABSOLUTE
    stm32f10x_it.c                           0x00000000   Number         0  stm32f10x_it.o ABSOLUTE
    system_stm32f10x.c                       0x00000000   Number         0  system_stm32f10x.o ABSOLUTE
    RESET                                    0x08000000   Section      304  startup_stm32f10x_hd.o(RESET)
    .ARM.Collect$$$$00000000                 0x08000130   Section        0  entry.o(.ARM.Collect$$$$00000000)
    .ARM.Collect$$$$00000001                 0x08000130   Section        4  entry2.o(.ARM.Collect$$$$00000001)
    .ARM.Collect$$$$00000004                 0x08000134   Section        4  entry5.o(.ARM.Collect$$$$00000004)
    .ARM.Collect$$$$00000008                 0x08000138   Section        0  entry7b.o(.ARM.Collect$$$$00000008)
    .ARM.Collect$$$$0000000A                 0x08000138   Section        0  entry8b.o(.ARM.Collect$$$$0000000A)
    .ARM.Collect$$$$0000000B                 0x08000138   Section        8  entry9a.o(.ARM.Collect$$$$0000000B)
    .ARM.Collect$$$$0000000D                 0x08000140   Section        0  entry10a.o(.ARM.Collect$$$$0000000D)
    .ARM.Collect$$$$0000000F                 0x08000140   Section        0  entry11a.o(.ARM.Collect$$$$0000000F)
    .ARM.Collect$$$$00002712                 0x08000140   Section        4  entry2.o(.ARM.Collect$$$$00002712)
    __lit__00000000                          0x08000140   Data           4  entry2.o(.ARM.Collect$$$$00002712)
    .text                                    0x08000144   Section        0  main.o(.text)
    .text                                    0x080005bc   Section        0  stm32f10x_it.o(.text)
    .text                                    0x080005d8   Section        0  system_stm32f10x.o(.text)
    SetSysClockTo72                          0x080005d9   Thumb Code   214  system_stm32f10x.o(.text)
    SetSysClock                              0x080006af   Thumb Code     8  system_stm32f10x.o(.text)
    .text                                    0x080007b8   Section        0  led.o(.text)
    .text                                    0x08000854   Section        0  oled.o(.text)
    .text                                    0x08000c7c   Section        0  adc.o(.text)
    .text                                    0x08000d64   Section        0  stmflash.o(.text)
    .text                                    0x08000ea8   Section        0  dht11.o(.text)
    .text                                    0x08001044   Section        0  timer.o(.text)
    .text                                    0x080010bc   Section        0  usart3.o(.text)
    .text                                    0x0800118c   Section        0  key.o(.text)
    .text                                    0x08001288   Section        0  delay.o(.text)
    .text                                    0x0800135c   Section        0  usart.o(.text)
    .text                                    0x0800149c   Section       36  startup_stm32f10x_hd.o(.text)
    .text                                    0x080014c0   Section        0  stm32f10x_gpio.o(.text)
    .text                                    0x0800181c   Section        0  stm32f10x_rcc.o(.text)
    .text                                    0x08001bc0   Section        0  stm32f10x_usart.o(.text)
    .text                                    0x08001fc8   Section        0  misc.o(.text)
    .text                                    0x080020a4   Section        0  stm32f10x_adc.o(.text)
    .text                                    0x080024f4   Section        0  stm32f10x_flash.o(.text)
    .text                                    0x08002ab0   Section        0  stm32f10x_tim.o(.text)
    TI4_Config                               0x08002f57   Thumb Code   130  stm32f10x_tim.o(.text)
    TI3_Config                               0x08002feb   Thumb Code   122  stm32f10x_tim.o(.text)
    TI2_Config                               0x0800307f   Thumb Code   130  stm32f10x_tim.o(.text)
    TI1_Config                               0x08003113   Thumb Code   108  stm32f10x_tim.o(.text)
    .text                                    0x080038cc   Section        0  common.o(.text)
    isleap                                   0x08003a5b   Thumb Code    52  common.o(.text)
    get_yeardays                             0x08003a8f   Thumb Code    24  common.o(.text)
    .text                                    0x08003c64   Section        0  datapointtools.o(.text)
    .text                                    0x08003fb0   Section        0  ringbuffer.o(.text)
    .text                                    0x08004180   Section        0  gizwits_product.o(.text)
    .text                                    0x080043ec   Section        0  gizwits_protocol.o(.text)
    gizProtocolHeadInit                      0x08004421   Thumb Code    34  gizwits_protocol.o(.text)
    gizProtocolWaitAck                       0x08004443   Thumb Code    70  gizwits_protocol.o(.text)
    gizDataPoint2Event                       0x08004489   Thumb Code   126  gizwits_protocol.o(.text)
    gizCheckReport                           0x08004507   Thumb Code   152  gizwits_protocol.o(.text)
    gizDataPoints2ReportData                 0x0800459f   Thumb Code   100  gizwits_protocol.o(.text)
    gizProtocolIssuedProcess                 0x08004603   Thumb Code   222  gizwits_protocol.o(.text)
    gizProtocolIssuedDataAck                 0x080046e1   Thumb Code   724  gizwits_protocol.o(.text)
    gizReportData                            0x080049b5   Thumb Code   142  gizwits_protocol.o(.text)
    gizDevReportPolicy                       0x08004a43   Thumb Code   146  gizwits_protocol.o(.text)
    gizProtocolGetOnePacket                  0x08004ad5   Thumb Code   358  gizwits_protocol.o(.text)
    gizProtocolResendData                    0x08004c3b   Thumb Code    64  gizwits_protocol.o(.text)
    gizProtocolWaitAckCheck                  0x08004c7b   Thumb Code    48  gizwits_protocol.o(.text)
    gizProtocolCommonAck                     0x08004cab   Thumb Code    86  gizwits_protocol.o(.text)
    gizProtocolAckHandle                     0x08004d01   Thumb Code    94  gizwits_protocol.o(.text)
    gizProtocolGetDeviceInfo                 0x08004d5f   Thumb Code   652  gizwits_protocol.o(.text)
    gizProtocolErrorCmd                      0x08004feb   Thumb Code    92  gizwits_protocol.o(.text)
    gizProtocolNTP                           0x08005047   Thumb Code   112  gizwits_protocol.o(.text)
    gizProtocolReboot                        0x080050b7   Thumb Code    28  gizwits_protocol.o(.text)
    gizProtocolModuleStatus                  0x080050d3   Thumb Code  1328  gizwits_protocol.o(.text)
    gizProtocolModuleInfoHandle              0x08005a2b   Thumb Code    70  gizwits_protocol.o(.text)
    .text                                    0x08005e70   Section        0  toupper.o(.text)
    .text                                    0x08005e7c   Section        0  memcpya.o(.text)
    .text                                    0x08005ea0   Section        0  memseta.o(.text)
    .text                                    0x08005ec4   Section        0  strlen.o(.text)
    .text                                    0x08005ed2   Section        0  fadd.o(.text)
    .text                                    0x08005f82   Section        0  fmul.o(.text)
    .text                                    0x08005fe6   Section        0  fdiv.o(.text)
    .text                                    0x08006062   Section        0  dmul.o(.text)
    .text                                    0x08006146   Section        0  ffltui.o(.text)
    .text                                    0x08006150   Section        0  ffixui.o(.text)
    .text                                    0x08006178   Section        0  f2d.o(.text)
    .text                                    0x0800619e   Section        0  d2f.o(.text)
    .text                                    0x080061d6   Section        0  uidiv.o(.text)
    .text                                    0x08006202   Section        0  uldiv.o(.text)
    .text                                    0x08006264   Section        0  fepilogue.o(.text)
    .text                                    0x08006264   Section        0  iusefp.o(.text)
    .text                                    0x080062d2   Section        0  depilogue.o(.text)
    .text                                    0x0800638c   Section        0  dadd.o(.text)
    .text                                    0x080064da   Section        0  ddiv.o(.text)
    .text                                    0x080065b8   Section        0  dfixul.o(.text)
    .text                                    0x080065e8   Section       48  cdrcmple.o(.text)
    .text                                    0x08006618   Section       36  init.o(.text)
    .text                                    0x0800663c   Section        0  llshl.o(.text)
    .text                                    0x0800665a   Section        0  llushr.o(.text)
    .text                                    0x0800667a   Section        0  llsshr.o(.text)
    i.__0printf                              0x080066a0   Section        0  printfa.o(i.__0printf)
    i.__scatterload_copy                     0x080066c0   Section       14  handlers.o(i.__scatterload_copy)
    i.__scatterload_null                     0x080066ce   Section        2  handlers.o(i.__scatterload_null)
    i.__scatterload_zeroinit                 0x080066d0   Section       14  handlers.o(i.__scatterload_zeroinit)
    i._fp_digits                             0x080066e0   Section        0  printfa.o(i._fp_digits)
    _fp_digits                               0x080066e1   Thumb Code   366  printfa.o(i._fp_digits)
    i._printf_core                           0x08006864   Section        0  printfa.o(i._printf_core)
    _printf_core                             0x08006865   Thumb Code  1744  printfa.o(i._printf_core)
    i._printf_post_padding                   0x08006f40   Section        0  printfa.o(i._printf_post_padding)
    _printf_post_padding                     0x08006f41   Thumb Code    36  printfa.o(i._printf_post_padding)
    i._printf_pre_padding                    0x08006f64   Section        0  printfa.o(i._printf_pre_padding)
    _printf_pre_padding                      0x08006f65   Thumb Code    46  printfa.o(i._printf_pre_padding)
    .constdata                               0x08006f94   Section       10  main.o(.constdata)
    .constdata                               0x08006f9e   Section     4040  oled.o(.constdata)
    .constdata                               0x08007f68   Section       48  common.o(.constdata)
    .data                                    0x20000000   Section        7  main.o(.data)
    .data                                    0x20000008   Section       20  system_stm32f10x.o(.data)
    .data                                    0x2000001c   Section        1  key.o(.data)
    key_up                                   0x2000001c   Data           1  key.o(.data)
    .data                                    0x2000001e   Section        4  delay.o(.data)
    fac_us                                   0x2000001e   Data           1  delay.o(.data)
    fac_ms                                   0x20000020   Data           2  delay.o(.data)
    .data                                    0x20000024   Section        6  usart.o(.data)
    .data                                    0x2000002a   Section       20  stm32f10x_rcc.o(.data)
    APBAHBPrescTable                         0x2000002a   Data          16  stm32f10x_rcc.o(.data)
    ADCPrescTable                            0x2000003a   Data           4  stm32f10x_rcc.o(.data)
    .data                                    0x20000040   Section        4  gizwits_product.o(.data)
    timerMsCount                             0x20000040   Data           4  gizwits_product.o(.data)
    .data                                    0x20000044   Section       16  gizwits_protocol.o(.data)
    lastReportTime                           0x20000044   Data           4  gizwits_protocol.o(.data)
    lastRepTime                              0x20000048   Data           4  gizwits_protocol.o(.data)
    protocolFlag                             0x2000004c   Data           1  gizwits_protocol.o(.data)
    protocolCount                            0x2000004e   Data           2  gizwits_protocol.o(.data)
    lastData                                 0x20000050   Data           1  gizwits_protocol.o(.data)
    debugCount                               0x20000051   Data           1  gizwits_protocol.o(.data)
    lastStatus                               0x20000052   Data           2  gizwits_protocol.o(.data)
    .bss                                     0x20000054   Section       10  main.o(.bss)
    .bss                                     0x2000005e   Section     1024  stmflash.o(.bss)
    .bss                                     0x2000045e   Section      200  usart.o(.bss)
    .bss                                     0x20000526   Section      338  gizwits_protocol.o(.bss)
    rbBuf                                    0x20000648   Data          48  gizwits_protocol.o(.bss)
    STACK                                    0x20000678   Section     1024  startup_stm32f10x_hd.o(STACK)

    Global Symbols

    Symbol Name                              Value     Ov Type        Size  Object(Section)

    BuildAttributes$$THM_ISAv4$P$D$K$B$S$PE$A:L22UL41UL21$X:L11$S22US41US21$IEEE1$IW$USESV6$~STKCKD$USESV7$~SHL$OTIME$ROPI$EBA8$MICROLIB$REQ8$PRES8$EABIv2 0x00000000   Number         0  anon$$obj.o ABSOLUTE
    __ARM_use_no_argv                        0x00000000   Number         0  main.o ABSOLUTE
    __use_no_errno                           0x00000000   Number         0  useno.o ABSOLUTE
    __use_no_exception_handling              0x00000000   Number         0  useno.o ABSOLUTE
    __use_no_fp                              0x00000000   Number         0  useno.o ABSOLUTE
    __use_no_heap                            0x00000000   Number         0  useno.o ABSOLUTE
    __use_no_heap_region                     0x00000000   Number         0  useno.o ABSOLUTE
    __use_no_semihosting                     0x00000000   Number         0  useno.o ABSOLUTE
    __use_no_semihosting_swi                 0x00000000   Number         0  useno.o ABSOLUTE
    __use_no_signal_handling                 0x00000000   Number         0  useno.o ABSOLUTE
    _printf_a                                0x00000000   Number         0  stubs.o ABSOLUTE
    _printf_c                                0x00000000   Number         0  stubs.o ABSOLUTE
    _printf_charcount                        0x00000000   Number         0  stubs.o ABSOLUTE
    _printf_d                                0x00000000   Number         0  stubs.o ABSOLUTE
    _printf_e                                0x00000000   Number         0  stubs.o ABSOLUTE
    _printf_f                                0x00000000   Number         0  stubs.o ABSOLUTE
    _printf_flags                            0x00000000   Number         0  stubs.o ABSOLUTE
    _printf_fp_dec                           0x00000000   Number         0  stubs.o ABSOLUTE
    _printf_fp_hex                           0x00000000   Number         0  stubs.o ABSOLUTE
    _printf_g                                0x00000000   Number         0  stubs.o ABSOLUTE
    _printf_i                                0x00000000   Number         0  stubs.o ABSOLUTE
    _printf_int_dec                          0x00000000   Number         0  stubs.o ABSOLUTE
    _printf_l                                0x00000000   Number         0  stubs.o ABSOLUTE
    _printf_lc                               0x00000000   Number         0  stubs.o ABSOLUTE
    _printf_ll                               0x00000000   Number         0  stubs.o ABSOLUTE
    _printf_lld                              0x00000000   Number         0  stubs.o ABSOLUTE
    _printf_lli                              0x00000000   Number         0  stubs.o ABSOLUTE
    _printf_llo                              0x00000000   Number         0  stubs.o ABSOLUTE
    _printf_llu                              0x00000000   Number         0  stubs.o ABSOLUTE
    _printf_llx                              0x00000000   Number         0  stubs.o ABSOLUTE
    _printf_longlong_dec                     0x00000000   Number         0  stubs.o ABSOLUTE
    _printf_longlong_hex                     0x00000000   Number         0  stubs.o ABSOLUTE
    _printf_longlong_oct                     0x00000000   Number         0  stubs.o ABSOLUTE
    _printf_ls                               0x00000000   Number         0  stubs.o ABSOLUTE
    _printf_mbtowc                           0x00000000   Number         0  stubs.o ABSOLUTE
    _printf_n                                0x00000000   Number         0  stubs.o ABSOLUTE
    _printf_o                                0x00000000   Number         0  stubs.o ABSOLUTE
    _printf_p                                0x00000000   Number         0  stubs.o ABSOLUTE
    _printf_percent                          0x00000000   Number         0  stubs.o ABSOLUTE
    _printf_pre_padding                      0x00000000   Number         0  stubs.o ABSOLUTE
    _printf_return_value                     0x00000000   Number         0  stubs.o ABSOLUTE
    _printf_s                                0x00000000   Number         0  stubs.o ABSOLUTE
    _printf_sizespec                         0x00000000   Number         0  stubs.o ABSOLUTE
    _printf_str                              0x00000000   Number         0  stubs.o ABSOLUTE
    _printf_truncate_signed                  0x00000000   Number         0  stubs.o ABSOLUTE
    _printf_truncate_unsigned                0x00000000   Number         0  stubs.o ABSOLUTE
    _printf_u                                0x00000000   Number         0  stubs.o ABSOLUTE
    _printf_wc                               0x00000000   Number         0  stubs.o ABSOLUTE
    _printf_wctomb                           0x00000000   Number         0  stubs.o ABSOLUTE
    _printf_widthprec                        0x00000000   Number         0  stubs.o ABSOLUTE
    _printf_x                                0x00000000   Number         0  stubs.o ABSOLUTE
    __cpp_initialize__aeabi_                  - Undefined Weak Reference
    __cxa_finalize                            - Undefined Weak Reference
    __decompress                              - Undefined Weak Reference
    _clock_init                               - Undefined Weak Reference
    _microlib_exit                            - Undefined Weak Reference
    __Vectors_Size                           0x00000130   Number         0  startup_stm32f10x_hd.o ABSOLUTE
    __Vectors                                0x08000000   Data           4  startup_stm32f10x_hd.o(RESET)
    __Vectors_End                            0x08000130   Data           0  startup_stm32f10x_hd.o(RESET)
    __main                                   0x08000131   Thumb Code     0  entry.o(.ARM.Collect$$$$00000000)
    _main_stk                                0x08000131   Thumb Code     0  entry2.o(.ARM.Collect$$$$00000001)
    _main_scatterload                        0x08000135   Thumb Code     0  entry5.o(.ARM.Collect$$$$00000004)
    __main_after_scatterload                 0x08000139   Thumb Code     0  entry5.o(.ARM.Collect$$$$00000004)
    _main_clock                              0x08000139   Thumb Code     0  entry7b.o(.ARM.Collect$$$$00000008)
    _main_cpp_init                           0x08000139   Thumb Code     0  entry8b.o(.ARM.Collect$$$$0000000A)
    _main_init                               0x08000139   Thumb Code     0  entry9a.o(.ARM.Collect$$$$0000000B)
    __rt_final_cpp                           0x08000141   Thumb Code     0  entry10a.o(.ARM.Collect$$$$0000000D)
    __rt_final_exit                          0x08000141   Thumb Code     0  entry11a.o(.ARM.Collect$$$$0000000F)
    Gizwits_Init                             0x08000145   Thumb Code    36  main.o(.text)
    read_flash                               0x08000169   Thumb Code    42  main.o(.text)
    DisInit                                  0x08000193   Thumb Code    30  main.o(.text)
    main                                     0x080001b1   Thumb Code   750  main.o(.text)
    NMI_Handler                              0x080005bd   Thumb Code     2  stm32f10x_it.o(.text)
    HardFault_Handler                        0x080005bf   Thumb Code     4  stm32f10x_it.o(.text)
    MemManage_Handler                        0x080005c3   Thumb Code     4  stm32f10x_it.o(.text)
    BusFault_Handler                         0x080005c7   Thumb Code     4  stm32f10x_it.o(.text)
    UsageFault_Handler                       0x080005cb   Thumb Code     4  stm32f10x_it.o(.text)
    SVC_Handler                              0x080005cf   Thumb Code     2  stm32f10x_it.o(.text)
    DebugMon_Handler                         0x080005d1   Thumb Code     2  stm32f10x_it.o(.text)
    PendSV_Handler                           0x080005d3   Thumb Code     2  stm32f10x_it.o(.text)
    SysTick_Handler                          0x080005d5   Thumb Code     2  stm32f10x_it.o(.text)
    SystemInit                               0x080006b7   Thumb Code    78  system_stm32f10x.o(.text)
    SystemCoreClockUpdate                    0x08000705   Thumb Code   142  system_stm32f10x.o(.text)
    LED_Init                                 0x080007b9   Thumb Code    50  led.o(.text)
    LED1_Init                                0x080007eb   Thumb Code    50  led.o(.text)
    LED2_Init                                0x0800081d   Thumb Code    50  led.o(.text)
    OLED_IOInit                              0x08000855   Thumb Code    46  oled.o(.text)
    IIC_Start                                0x08000883   Thumb Code    28  oled.o(.text)
    IIC_Stop                                 0x0800089f   Thumb Code    26  oled.o(.text)
    Write_IIC_Byte                           0x080008b9   Thumb Code    76  oled.o(.text)
    OLED_WrDat                               0x08000905   Thumb Code    32  oled.o(.text)
    OLED_WrCmd                               0x08000925   Thumb Code    32  oled.o(.text)
    OLED_Set_Pos                             0x08000945   Thumb Code    40  oled.o(.text)
    OLED_Fill                                0x0800096d   Thumb Code    58  oled.o(.text)
    OLED_Init                                0x080009a7   Thumb Code   194  oled.o(.text)
    OLED_P8x16Str                            0x08000a69   Thumb Code   130  oled.o(.text)
    LCD_8x16Ch                               0x08000aeb   Thumb Code    80  oled.o(.text)
    LCD_P24x48Ch                             0x08000b3b   Thumb Code   212  oled.o(.text)
    LCD_P16x16Ch                             0x08000c0f   Thumb Code   110  oled.o(.text)
    Adc_Init                                 0x08000c7d   Thumb Code   132  adc.o(.text)
    Get_Adc                                  0x08000d01   Thumb Code    46  adc.o(.text)
    Get_Adc_Average                          0x08000d2f   Thumb Code    46  adc.o(.text)
    STMFLASH_ReadHalfWord                    0x08000d65   Thumb Code     6  stmflash.o(.text)
    STMFLASH_Write_NoCheck                   0x08000d6b   Thumb Code    38  stmflash.o(.text)
    STMFLASH_Read                            0x08000d91   Thumb Code    34  stmflash.o(.text)
    STMFLASH_Write                           0x08000db3   Thumb Code   222  stmflash.o(.text)
    Test_Write                               0x08000e91   Thumb Code    16  stmflash.o(.text)
    DHT11_Rst                                0x08000ea9   Thumb Code    52  dht11.o(.text)
    DHT11_Check                              0x08000edd   Thumb Code    96  dht11.o(.text)
    DHT11_Read_Bit                           0x08000f3d   Thumb Code    76  dht11.o(.text)
    DHT11_Read_Byte                          0x08000f89   Thumb Code    30  dht11.o(.text)
    DHT11_Read_Data                          0x08000fa7   Thumb Code    88  dht11.o(.text)
    DHT11_Init                               0x08000fff   Thumb Code    58  dht11.o(.text)
    TIM3_Int_Init                            0x08001045   Thumb Code    90  timer.o(.text)
    TIM3_IRQHandler                          0x0800109f   Thumb Code    26  timer.o(.text)
    USART3_IRQHandler                        0x080010bd   Thumb Code    34  usart3.o(.text)
    usart3_init                              0x080010df   Thumb Code   166  usart3.o(.text)
    KEY_Init                                 0x0800118d   Thumb Code    82  key.o(.text)
    KEY_Scan                                 0x080011df   Thumb Code   154  key.o(.text)
    delay_init                               0x08001289   Thumb Code    50  delay.o(.text)
    delay_us                                 0x080012bb   Thumb Code    72  delay.o(.text)
    delay_ms                                 0x08001303   Thumb Code    72  delay.o(.text)
    _sys_exit                                0x0800135d   Thumb Code     6  usart.o(.text)
    fputc                                    0x08001363   Thumb Code    24  usart.o(.text)
    uart_init                                0x0800137b   Thumb Code   152  usart.o(.text)
    USART1_IRQHandler                        0x08001413   Thumb Code   122  usart.o(.text)
    Reset_Handler                            0x0800149d   Thumb Code     8  startup_stm32f10x_hd.o(.text)
    ADC1_2_IRQHandler                        0x080014b7   Thumb Code     0  startup_stm32f10x_hd.o(.text)
    ADC3_IRQHandler                          0x080014b7   Thumb Code     0  startup_stm32f10x_hd.o(.text)
    CAN1_RX1_IRQHandler                      0x080014b7   Thumb Code     0  startup_stm32f10x_hd.o(.text)
    CAN1_SCE_IRQHandler                      0x080014b7   Thumb Code     0  startup_stm32f10x_hd.o(.text)
    DMA1_Channel1_IRQHandler                 0x080014b7   Thumb Code     0  startup_stm32f10x_hd.o(.text)
    DMA1_Channel2_IRQHandler                 0x080014b7   Thumb Code     0  startup_stm32f10x_hd.o(.text)
    DMA1_Channel3_IRQHandler                 0x080014b7   Thumb Code     0  startup_stm32f10x_hd.o(.text)
    DMA1_Channel4_IRQHandler                 0x080014b7   Thumb Code     0  startup_stm32f10x_hd.o(.text)
    DMA1_Channel5_IRQHandler                 0x080014b7   Thumb Code     0  startup_stm32f10x_hd.o(.text)
    DMA1_Channel6_IRQHandler                 0x080014b7   Thumb Code     0  startup_stm32f10x_hd.o(.text)
    DMA1_Channel7_IRQHandler                 0x080014b7   Thumb Code     0  startup_stm32f10x_hd.o(.text)
    DMA2_Channel1_IRQHandler                 0x080014b7   Thumb Code     0  startup_stm32f10x_hd.o(.text)
    DMA2_Channel2_IRQHandler                 0x080014b7   Thumb Code     0  startup_stm32f10x_hd.o(.text)
    DMA2_Channel3_IRQHandler                 0x080014b7   Thumb Code     0  startup_stm32f10x_hd.o(.text)
    DMA2_Channel4_5_IRQHandler               0x080014b7   Thumb Code     0  startup_stm32f10x_hd.o(.text)
    EXTI0_IRQHandler                         0x080014b7   Thumb Code     0  startup_stm32f10x_hd.o(.text)
    EXTI15_10_IRQHandler                     0x080014b7   Thumb Code     0  startup_stm32f10x_hd.o(.text)
    EXTI1_IRQHandler                         0x080014b7   Thumb Code     0  startup_stm32f10x_hd.o(.text)
    EXTI2_IRQHandler                         0x080014b7   Thumb Code     0  startup_stm32f10x_hd.o(.text)
    EXTI3_IRQHandler                         0x080014b7   Thumb Code     0  startup_stm32f10x_hd.o(.text)
    EXTI4_IRQHandler                         0x080014b7   Thumb Code     0  startup_stm32f10x_hd.o(.text)
    EXTI9_5_IRQHandler                       0x080014b7   Thumb Code     0  startup_stm32f10x_hd.o(.text)
    FLASH_IRQHandler                         0x080014b7   Thumb Code     0  startup_stm32f10x_hd.o(.text)
    FSMC_IRQHandler                          0x080014b7   Thumb Code     0  startup_stm32f10x_hd.o(.text)
    I2C1_ER_IRQHandler                       0x080014b7   Thumb Code     0  startup_stm32f10x_hd.o(.text)
    I2C1_EV_IRQHandler                       0x080014b7   Thumb Code     0  startup_stm32f10x_hd.o(.text)
    I2C2_ER_IRQHandler                       0x080014b7   Thumb Code     0  startup_stm32f10x_hd.o(.text)
    I2C2_EV_IRQHandler                       0x080014b7   Thumb Code     0  startup_stm32f10x_hd.o(.text)
    PVD_IRQHandler                           0x080014b7   Thumb Code     0  startup_stm32f10x_hd.o(.text)
    RCC_IRQHandler                           0x080014b7   Thumb Code     0  startup_stm32f10x_hd.o(.text)
    RTCAlarm_IRQHandler                      0x080014b7   Thumb Code     0  startup_stm32f10x_hd.o(.text)
    RTC_IRQHandler                           0x080014b7   Thumb Code     0  startup_stm32f10x_hd.o(.text)
    SDIO_IRQHandler                          0x080014b7   Thumb Code     0  startup_stm32f10x_hd.o(.text)
    SPI1_IRQHandler                          0x080014b7   Thumb Code     0  startup_stm32f10x_hd.o(.text)
    SPI2_IRQHandler                          0x080014b7   Thumb Code     0  startup_stm32f10x_hd.o(.text)
    SPI3_IRQHandler                          0x080014b7   Thumb Code     0  startup_stm32f10x_hd.o(.text)
    TAMPER_IRQHandler                        0x080014b7   Thumb Code     0  startup_stm32f10x_hd.o(.text)
    TIM1_BRK_IRQHandler                      0x080014b7   Thumb Code     0  startup_stm32f10x_hd.o(.text)
    TIM1_CC_IRQHandler                       0x080014b7   Thumb Code     0  startup_stm32f10x_hd.o(.text)
    TIM1_TRG_COM_IRQHandler                  0x080014b7   Thumb Code     0  startup_stm32f10x_hd.o(.text)
    TIM1_UP_IRQHandler                       0x080014b7   Thumb Code     0  startup_stm32f10x_hd.o(.text)
    TIM2_IRQHandler                          0x080014b7   Thumb Code     0  startup_stm32f10x_hd.o(.text)
    TIM4_IRQHandler                          0x080014b7   Thumb Code     0  startup_stm32f10x_hd.o(.text)
    TIM5_IRQHandler                          0x080014b7   Thumb Code     0  startup_stm32f10x_hd.o(.text)
    TIM6_IRQHandler                          0x080014b7   Thumb Code     0  startup_stm32f10x_hd.o(.text)
    TIM7_IRQHandler                          0x080014b7   Thumb Code     0  startup_stm32f10x_hd.o(.text)
    TIM8_BRK_IRQHandler                      0x080014b7   Thumb Code     0  startup_stm32f10x_hd.o(.text)
    TIM8_CC_IRQHandler                       0x080014b7   Thumb Code     0  startup_stm32f10x_hd.o(.text)
    TIM8_TRG_COM_IRQHandler                  0x080014b7   Thumb Code     0  startup_stm32f10x_hd.o(.text)
    TIM8_UP_IRQHandler                       0x080014b7   Thumb Code     0  startup_stm32f10x_hd.o(.text)
    UART4_IRQHandler                         0x080014b7   Thumb Code     0  startup_stm32f10x_hd.o(.text)
    UART5_IRQHandler                         0x080014b7   Thumb Code     0  startup_stm32f10x_hd.o(.text)
    USART2_IRQHandler                        0x080014b7   Thumb Code     0  startup_stm32f10x_hd.o(.text)
    USBWakeUp_IRQHandler                     0x080014b7   Thumb Code     0  startup_stm32f10x_hd.o(.text)
    USB_HP_CAN1_TX_IRQHandler                0x080014b7   Thumb Code     0  startup_stm32f10x_hd.o(.text)
    USB_LP_CAN1_RX0_IRQHandler               0x080014b7   Thumb Code     0  startup_stm32f10x_hd.o(.text)
    WWDG_IRQHandler                          0x080014b7   Thumb Code     0  startup_stm32f10x_hd.o(.text)
    GPIO_DeInit                              0x080014c1   Thumb Code   172  stm32f10x_gpio.o(.text)
    GPIO_AFIODeInit                          0x0800156d   Thumb Code    20  stm32f10x_gpio.o(.text)
    GPIO_Init                                0x08001581   Thumb Code   278  stm32f10x_gpio.o(.text)
    GPIO_StructInit                          0x08001697   Thumb Code    16  stm32f10x_gpio.o(.text)
    GPIO_ReadInputDataBit                    0x080016a7   Thumb Code    18  stm32f10x_gpio.o(.text)
    GPIO_ReadInputData                       0x080016b9   Thumb Code     8  stm32f10x_gpio.o(.text)
    GPIO_ReadOutputDataBit                   0x080016c1   Thumb Code    18  stm32f10x_gpio.o(.text)
    GPIO_ReadOutputData                      0x080016d3   Thumb Code     8  stm32f10x_gpio.o(.text)
    GPIO_SetBits                             0x080016db   Thumb Code     4  stm32f10x_gpio.o(.text)
    GPIO_ResetBits                           0x080016df   Thumb Code     4  stm32f10x_gpio.o(.text)
    GPIO_WriteBit                            0x080016e3   Thumb Code    10  stm32f10x_gpio.o(.text)
    GPIO_Write                               0x080016ed   Thumb Code     4  stm32f10x_gpio.o(.text)
    GPIO_PinLockConfig                       0x080016f1   Thumb Code    18  stm32f10x_gpio.o(.text)
    GPIO_EventOutputConfig                   0x08001703   Thumb Code    26  stm32f10x_gpio.o(.text)
    GPIO_EventOutputCmd                      0x0800171d   Thumb Code     6  stm32f10x_gpio.o(.text)
    GPIO_PinRemapConfig                      0x08001723   Thumb Code   138  stm32f10x_gpio.o(.text)
    GPIO_EXTILineConfig                      0x080017ad   Thumb Code    66  stm32f10x_gpio.o(.text)
    GPIO_ETH_MediaInterfaceConfig            0x080017ef   Thumb Code     8  stm32f10x_gpio.o(.text)
    RCC_DeInit                               0x0800181d   Thumb Code    64  stm32f10x_rcc.o(.text)
    RCC_HSEConfig                            0x0800185d   Thumb Code    70  stm32f10x_rcc.o(.text)
    RCC_GetFlagStatus                        0x080018a3   Thumb Code    56  stm32f10x_rcc.o(.text)
    RCC_WaitForHSEStartUp                    0x080018db   Thumb Code    56  stm32f10x_rcc.o(.text)
    RCC_AdjustHSICalibrationValue            0x08001913   Thumb Code    20  stm32f10x_rcc.o(.text)
    RCC_HSICmd                               0x08001927   Thumb Code     6  stm32f10x_rcc.o(.text)
    RCC_PLLConfig                            0x0800192d   Thumb Code    24  stm32f10x_rcc.o(.text)
    RCC_PLLCmd                               0x08001945   Thumb Code     6  stm32f10x_rcc.o(.text)
    RCC_SYSCLKConfig                         0x0800194b   Thumb Code    18  stm32f10x_rcc.o(.text)
    RCC_GetSYSCLKSource                      0x0800195d   Thumb Code    10  stm32f10x_rcc.o(.text)
    RCC_HCLKConfig                           0x08001967   Thumb Code    18  stm32f10x_rcc.o(.text)
    RCC_PCLK1Config                          0x08001979   Thumb Code    18  stm32f10x_rcc.o(.text)
    RCC_PCLK2Config                          0x0800198b   Thumb Code    20  stm32f10x_rcc.o(.text)
    RCC_ITConfig                             0x0800199f   Thumb Code    26  stm32f10x_rcc.o(.text)
    RCC_USBCLKConfig                         0x080019b9   Thumb Code     8  stm32f10x_rcc.o(.text)
    RCC_ADCCLKConfig                         0x080019c1   Thumb Code    18  stm32f10x_rcc.o(.text)
    RCC_LSEConfig                            0x080019d3   Thumb Code    50  stm32f10x_rcc.o(.text)
    RCC_LSICmd                               0x08001a05   Thumb Code     6  stm32f10x_rcc.o(.text)
    RCC_RTCCLKConfig                         0x08001a0b   Thumb Code    12  stm32f10x_rcc.o(.text)
    RCC_RTCCLKCmd                            0x08001a17   Thumb Code     8  stm32f10x_rcc.o(.text)
    RCC_GetClocksFreq                        0x08001a1f   Thumb Code   192  stm32f10x_rcc.o(.text)
    RCC_AHBPeriphClockCmd                    0x08001adf   Thumb Code    26  stm32f10x_rcc.o(.text)
    RCC_APB2PeriphClockCmd                   0x08001af9   Thumb Code    26  stm32f10x_rcc.o(.text)
    RCC_APB1PeriphClockCmd                   0x08001b13   Thumb Code    26  stm32f10x_rcc.o(.text)
    RCC_APB2PeriphResetCmd                   0x08001b2d   Thumb Code    26  stm32f10x_rcc.o(.text)
    RCC_APB1PeriphResetCmd                   0x08001b47   Thumb Code    26  stm32f10x_rcc.o(.text)
    RCC_BackupResetCmd                       0x08001b61   Thumb Code     8  stm32f10x_rcc.o(.text)
    RCC_ClockSecuritySystemCmd               0x08001b69   Thumb Code     6  stm32f10x_rcc.o(.text)
    RCC_MCOConfig                            0x08001b6f   Thumb Code     6  stm32f10x_rcc.o(.text)
    RCC_ClearFlag                            0x08001b75   Thumb Code    14  stm32f10x_rcc.o(.text)
    RCC_GetITStatus                          0x08001b83   Thumb Code    20  stm32f10x_rcc.o(.text)
    RCC_ClearITPendingBit                    0x08001b97   Thumb Code     6  stm32f10x_rcc.o(.text)
    USART_DeInit                             0x08001bc1   Thumb Code   134  stm32f10x_usart.o(.text)
    USART_Init                               0x08001c47   Thumb Code   210  stm32f10x_usart.o(.text)
    USART_StructInit                         0x08001d19   Thumb Code    24  stm32f10x_usart.o(.text)
    USART_ClockInit                          0x08001d31   Thumb Code    34  stm32f10x_usart.o(.text)
    USART_ClockStructInit                    0x08001d53   Thumb Code    12  stm32f10x_usart.o(.text)
    USART_Cmd                                0x08001d5f   Thumb Code    24  stm32f10x_usart.o(.text)
    USART_ITConfig                           0x08001d77   Thumb Code    74  stm32f10x_usart.o(.text)
    USART_DMACmd                             0x08001dc1   Thumb Code    18  stm32f10x_usart.o(.text)
    USART_SetAddress                         0x08001dd3   Thumb Code    18  stm32f10x_usart.o(.text)
    USART_WakeUpConfig                       0x08001de5   Thumb Code    18  stm32f10x_usart.o(.text)
    USART_ReceiverWakeUpCmd                  0x08001df7   Thumb Code    24  stm32f10x_usart.o(.text)
    USART_LINBreakDetectLengthConfig         0x08001e0f   Thumb Code    18  stm32f10x_usart.o(.text)
    USART_LINCmd                             0x08001e21   Thumb Code    24  stm32f10x_usart.o(.text)
    USART_SendData                           0x08001e39   Thumb Code     8  stm32f10x_usart.o(.text)
    USART_ReceiveData                        0x08001e41   Thumb Code    10  stm32f10x_usart.o(.text)
    USART_SendBreak                          0x08001e4b   Thumb Code    10  stm32f10x_usart.o(.text)
    USART_SetGuardTime                       0x08001e55   Thumb Code    16  stm32f10x_usart.o(.text)
    USART_SetPrescaler                       0x08001e65   Thumb Code    16  stm32f10x_usart.o(.text)
    USART_SmartCardCmd                       0x08001e75   Thumb Code    24  stm32f10x_usart.o(.text)
    USART_SmartCardNACKCmd                   0x08001e8d   Thumb Code    24  stm32f10x_usart.o(.text)
    USART_HalfDuplexCmd                      0x08001ea5   Thumb Code    24  stm32f10x_usart.o(.text)
    USART_OverSampling8Cmd                   0x08001ebd   Thumb Code    22  stm32f10x_usart.o(.text)
    USART_OneBitMethodCmd                    0x08001ed3   Thumb Code    24  stm32f10x_usart.o(.text)
    USART_IrDAConfig                         0x08001eeb   Thumb Code    18  stm32f10x_usart.o(.text)
    USART_IrDACmd                            0x08001efd   Thumb Code    24  stm32f10x_usart.o(.text)
    USART_GetFlagStatus                      0x08001f15   Thumb Code    26  stm32f10x_usart.o(.text)
    USART_ClearFlag                          0x08001f2f   Thumb Code    18  stm32f10x_usart.o(.text)
    USART_GetITStatus                        0x08001f41   Thumb Code    84  stm32f10x_usart.o(.text)
    USART_ClearITPendingBit                  0x08001f95   Thumb Code    52  stm32f10x_usart.o(.text)
    NVIC_PriorityGroupConfig                 0x08001fc9   Thumb Code    10  misc.o(.text)
    NVIC_Init                                0x08001fd3   Thumb Code   100  misc.o(.text)
    NVIC_SetVectorTable                      0x08002037   Thumb Code    14  misc.o(.text)
    NVIC_SystemLPConfig                      0x08002045   Thumb Code    34  misc.o(.text)
    SysTick_CLKSourceConfig                  0x08002067   Thumb Code    40  misc.o(.text)
    ADC_DeInit                               0x080020a5   Thumb Code    78  stm32f10x_adc.o(.text)
    ADC_Init                                 0x080020f3   Thumb Code    70  stm32f10x_adc.o(.text)
    ADC_StructInit                           0x08002139   Thumb Code    18  stm32f10x_adc.o(.text)
    ADC_Cmd                                  0x0800214b   Thumb Code    22  stm32f10x_adc.o(.text)
    ADC_DMACmd                               0x08002161   Thumb Code    22  stm32f10x_adc.o(.text)
    ADC_ITConfig                             0x08002177   Thumb Code    24  stm32f10x_adc.o(.text)
    ADC_ResetCalibration                     0x0800218f   Thumb Code    10  stm32f10x_adc.o(.text)
    ADC_GetResetCalibrationStatus            0x08002199   Thumb Code    20  stm32f10x_adc.o(.text)
    ADC_StartCalibration                     0x080021ad   Thumb Code    10  stm32f10x_adc.o(.text)
    ADC_GetCalibrationStatus                 0x080021b7   Thumb Code    20  stm32f10x_adc.o(.text)
    ADC_SoftwareStartConvCmd                 0x080021cb   Thumb Code    22  stm32f10x_adc.o(.text)
    ADC_GetSoftwareStartConvStatus           0x080021e1   Thumb Code    20  stm32f10x_adc.o(.text)
    ADC_DiscModeChannelCountConfig           0x080021f5   Thumb Code    24  stm32f10x_adc.o(.text)
    ADC_DiscModeCmd                          0x0800220d   Thumb Code    22  stm32f10x_adc.o(.text)
    ADC_RegularChannelConfig                 0x08002223   Thumb Code   184  stm32f10x_adc.o(.text)
    ADC_ExternalTrigConvCmd                  0x080022db   Thumb Code    22  stm32f10x_adc.o(.text)
    ADC_GetConversionValue                   0x080022f1   Thumb Code     8  stm32f10x_adc.o(.text)
    ADC_GetDualModeConversionValue           0x080022f9   Thumb Code     8  stm32f10x_adc.o(.text)
    ADC_AutoInjectedConvCmd                  0x08002301   Thumb Code    22  stm32f10x_adc.o(.text)
    ADC_InjectedDiscModeCmd                  0x08002317   Thumb Code    22  stm32f10x_adc.o(.text)
    ADC_ExternalTrigInjectedConvConfig       0x0800232d   Thumb Code    16  stm32f10x_adc.o(.text)
    ADC_ExternalTrigInjectedConvCmd          0x0800233d   Thumb Code    22  stm32f10x_adc.o(.text)
    ADC_SoftwareStartInjectedConvCmd         0x08002353   Thumb Code    22  stm32f10x_adc.o(.text)
    ADC_GetSoftwareStartInjectedConvCmdStatus 0x08002369   Thumb Code    20  stm32f10x_adc.o(.text)
    ADC_InjectedChannelConfig                0x0800237d   Thumb Code   130  stm32f10x_adc.o(.text)
    ADC_InjectedSequencerLengthConfig        0x080023ff   Thumb Code    24  stm32f10x_adc.o(.text)
    ADC_SetInjectedOffset                    0x08002417   Thumb Code    20  stm32f10x_adc.o(.text)
    ADC_GetInjectedConversionValue           0x0800242b   Thumb Code    28  stm32f10x_adc.o(.text)
    ADC_AnalogWatchdogCmd                    0x08002447   Thumb Code    16  stm32f10x_adc.o(.text)
    ADC_AnalogWatchdogThresholdsConfig       0x08002457   Thumb Code     6  stm32f10x_adc.o(.text)
    ADC_AnalogWatchdogSingleChannelConfig    0x0800245d   Thumb Code    16  stm32f10x_adc.o(.text)
    ADC_TempSensorVrefintCmd                 0x0800246d   Thumb Code    64  stm32f10x_adc.o(.text)
    ADC_GetFlagStatus                        0x080024ad   Thumb Code    18  stm32f10x_adc.o(.text)
    ADC_ClearFlag                            0x080024bf   Thumb Code     6  stm32f10x_adc.o(.text)
    ADC_GetITStatus                          0x080024c5   Thumb Code    36  stm32f10x_adc.o(.text)
    ADC_ClearITPendingBit                    0x080024e9   Thumb Code    10  stm32f10x_adc.o(.text)
    FLASH_SetLatency                         0x080024f5   Thumb Code    18  stm32f10x_flash.o(.text)
    FLASH_HalfCycleAccessCmd                 0x08002507   Thumb Code    22  stm32f10x_flash.o(.text)
    FLASH_PrefetchBufferCmd                  0x0800251d   Thumb Code    22  stm32f10x_flash.o(.text)
    FLASH_Unlock                             0x08002533   Thumb Code    12  stm32f10x_flash.o(.text)
    FLASH_UnlockBank1                        0x0800253f   Thumb Code    12  stm32f10x_flash.o(.text)
    FLASH_Lock                               0x0800254b   Thumb Code    14  stm32f10x_flash.o(.text)
    FLASH_LockBank1                          0x08002559   Thumb Code    14  stm32f10x_flash.o(.text)
    FLASH_GetBank1Status                     0x08002567   Thumb Code    48  stm32f10x_flash.o(.text)
    FLASH_WaitForLastOperation               0x08002597   Thumb Code    38  stm32f10x_flash.o(.text)
    FLASH_ErasePage                          0x080025bd   Thumb Code    72  stm32f10x_flash.o(.text)
    FLASH_EraseAllPages                      0x08002605   Thumb Code    68  stm32f10x_flash.o(.text)
    FLASH_WaitForLastBank1Operation          0x08002649   Thumb Code    38  stm32f10x_flash.o(.text)
    FLASH_EraseAllBank1Pages                 0x0800266f   Thumb Code    68  stm32f10x_flash.o(.text)
    FLASH_GetReadOutProtectionStatus         0x080026b3   Thumb Code    20  stm32f10x_flash.o(.text)
    FLASH_EraseOptionBytes                   0x080026c7   Thumb Code   150  stm32f10x_flash.o(.text)
    FLASH_ProgramWord                        0x0800275d   Thumb Code   102  stm32f10x_flash.o(.text)
    FLASH_ProgramHalfWord                    0x080027c3   Thumb Code    60  stm32f10x_flash.o(.text)
    FLASH_ProgramOptionByteData              0x080027ff   Thumb Code    72  stm32f10x_flash.o(.text)
    FLASH_EnableWriteProtection              0x08002847   Thumb Code   200  stm32f10x_flash.o(.text)
    FLASH_ReadOutProtection                  0x0800290f   Thumb Code   156  stm32f10x_flash.o(.text)
    FLASH_UserOptionByteConfig               0x080029ab   Thumb Code    88  stm32f10x_flash.o(.text)
    FLASH_GetUserOptionByte                  0x08002a03   Thumb Code     8  stm32f10x_flash.o(.text)
    FLASH_GetWriteProtectionOptionByte       0x08002a0b   Thumb Code     6  stm32f10x_flash.o(.text)
    FLASH_GetPrefetchBufferStatus            0x08002a11   Thumb Code    20  stm32f10x_flash.o(.text)
    FLASH_ITConfig                           0x08002a25   Thumb Code    26  stm32f10x_flash.o(.text)
    FLASH_GetFlagStatus                      0x08002a3f   Thumb Code    42  stm32f10x_flash.o(.text)
    FLASH_ClearFlag                          0x08002a69   Thumb Code     6  stm32f10x_flash.o(.text)
    FLASH_GetStatus                          0x08002a6f   Thumb Code    48  stm32f10x_flash.o(.text)
    TIM_DeInit                               0x08002ab1   Thumb Code   424  stm32f10x_tim.o(.text)
    TIM_TimeBaseInit                         0x08002c59   Thumb Code   122  stm32f10x_tim.o(.text)
    TIM_OC1Init                              0x08002cd3   Thumb Code   132  stm32f10x_tim.o(.text)
    TIM_OC2Init                              0x08002d57   Thumb Code   154  stm32f10x_tim.o(.text)
    TIM_OC3Init                              0x08002df1   Thumb Code   150  stm32f10x_tim.o(.text)
    TIM_OC4Init                              0x08002e87   Thumb Code   182  stm32f10x_tim.o(.text)
    TIM_SetIC4Prescaler                      0x08002f3d   Thumb Code    26  stm32f10x_tim.o(.text)
    TIM_SetIC3Prescaler                      0x08002fd9   Thumb Code    18  stm32f10x_tim.o(.text)
    TIM_SetIC2Prescaler                      0x08003065   Thumb Code    26  stm32f10x_tim.o(.text)
    TIM_SetIC1Prescaler                      0x08003101   Thumb Code    18  stm32f10x_tim.o(.text)
    TIM_ICInit                               0x0800317f   Thumb Code   150  stm32f10x_tim.o(.text)
    TIM_PWMIConfig                           0x08003215   Thumb Code   124  stm32f10x_tim.o(.text)
    TIM_BDTRConfig                           0x08003291   Thumb Code    32  stm32f10x_tim.o(.text)
    TIM_TimeBaseStructInit                   0x080032b1   Thumb Code    18  stm32f10x_tim.o(.text)
    TIM_OCStructInit                         0x080032c3   Thumb Code    20  stm32f10x_tim.o(.text)
    TIM_ICStructInit                         0x080032d7   Thumb Code    18  stm32f10x_tim.o(.text)
    TIM_BDTRStructInit                       0x080032e9   Thumb Code    40  stm32f10x_tim.o(.text)
    TIM_Cmd                                  0x08003311   Thumb Code    24  stm32f10x_tim.o(.text)
    TIM_CtrlPWMOutputs                       0x08003329   Thumb Code    30  stm32f10x_tim.o(.text)
    TIM_ITConfig                             0x08003347   Thumb Code    18  stm32f10x_tim.o(.text)
    TIM_GenerateEvent                        0x08003359   Thumb Code     4  stm32f10x_tim.o(.text)
    TIM_DMAConfig                            0x0800335d   Thumb Code    10  stm32f10x_tim.o(.text)
    TIM_DMACmd                               0x08003367   Thumb Code    18  stm32f10x_tim.o(.text)
    TIM_InternalClockConfig                  0x08003379   Thumb Code    12  stm32f10x_tim.o(.text)
    TIM_SelectInputTrigger                   0x08003385   Thumb Code    18  stm32f10x_tim.o(.text)
    TIM_ITRxExternalClockConfig              0x08003397   Thumb Code    24  stm32f10x_tim.o(.text)
    TIM_TIxExternalClockConfig               0x080033af   Thumb Code    62  stm32f10x_tim.o(.text)
    TIM_ETRConfig                            0x080033ed   Thumb Code    28  stm32f10x_tim.o(.text)
    TIM_ETRClockMode1Config                  0x08003409   Thumb Code    54  stm32f10x_tim.o(.text)
    TIM_ETRClockMode2Config                  0x0800343f   Thumb Code    32  stm32f10x_tim.o(.text)
    TIM_PrescalerConfig                      0x0800345f   Thumb Code     6  stm32f10x_tim.o(.text)
    TIM_CounterModeConfig                    0x08003465   Thumb Code    18  stm32f10x_tim.o(.text)
    TIM_EncoderInterfaceConfig               0x08003477   Thumb Code    66  stm32f10x_tim.o(.text)
    TIM_ForcedOC1Config                      0x080034b9   Thumb Code    18  stm32f10x_tim.o(.text)
    TIM_ForcedOC2Config                      0x080034cb   Thumb Code    26  stm32f10x_tim.o(.text)
    TIM_ForcedOC3Config                      0x080034e5   Thumb Code    18  stm32f10x_tim.o(.text)
    TIM_ForcedOC4Config                      0x080034f7   Thumb Code    26  stm32f10x_tim.o(.text)
    TIM_ARRPreloadConfig                     0x08003511   Thumb Code    24  stm32f10x_tim.o(.text)
    TIM_SelectCOM                            0x08003529   Thumb Code    24  stm32f10x_tim.o(.text)
    TIM_SelectCCDMA                          0x08003541   Thumb Code    24  stm32f10x_tim.o(.text)
    TIM_CCPreloadControl                     0x08003559   Thumb Code    24  stm32f10x_tim.o(.text)
    TIM_OC1PreloadConfig                     0x08003571   Thumb Code    18  stm32f10x_tim.o(.text)
    TIM_OC2PreloadConfig                     0x08003583   Thumb Code    26  stm32f10x_tim.o(.text)
    TIM_OC3PreloadConfig                     0x0800359d   Thumb Code    18  stm32f10x_tim.o(.text)
    TIM_OC4PreloadConfig                     0x080035af   Thumb Code    26  stm32f10x_tim.o(.text)
    TIM_OC1FastConfig                        0x080035c9   Thumb Code    18  stm32f10x_tim.o(.text)
    TIM_OC2FastConfig                        0x080035db   Thumb Code    26  stm32f10x_tim.o(.text)
    TIM_OC3FastConfig                        0x080035f5   Thumb Code    18  stm32f10x_tim.o(.text)
    TIM_OC4FastConfig                        0x08003607   Thumb Code    26  stm32f10x_tim.o(.text)
    TIM_ClearOC1Ref                          0x08003621   Thumb Code    18  stm32f10x_tim.o(.text)
    TIM_ClearOC2Ref                          0x08003633   Thumb Code    24  stm32f10x_tim.o(.text)
    TIM_ClearOC3Ref                          0x0800364b   Thumb Code    18  stm32f10x_tim.o(.text)
    TIM_ClearOC4Ref                          0x0800365d   Thumb Code    24  stm32f10x_tim.o(.text)
    TIM_OC1PolarityConfig                    0x08003675   Thumb Code    18  stm32f10x_tim.o(.text)
    TIM_OC1NPolarityConfig                   0x08003687   Thumb Code    18  stm32f10x_tim.o(.text)
    TIM_OC2PolarityConfig                    0x08003699   Thumb Code    26  stm32f10x_tim.o(.text)
    TIM_OC2NPolarityConfig                   0x080036b3   Thumb Code    26  stm32f10x_tim.o(.text)
    TIM_OC3PolarityConfig                    0x080036cd   Thumb Code    26  stm32f10x_tim.o(.text)
    TIM_OC3NPolarityConfig                   0x080036e7   Thumb Code    26  stm32f10x_tim.o(.text)
    TIM_OC4PolarityConfig                    0x08003701   Thumb Code    26  stm32f10x_tim.o(.text)
    TIM_CCxCmd                               0x0800371b   Thumb Code    30  stm32f10x_tim.o(.text)
    TIM_CCxNCmd                              0x08003739   Thumb Code    30  stm32f10x_tim.o(.text)
    TIM_SelectOCxM                           0x08003757   Thumb Code    82  stm32f10x_tim.o(.text)
    TIM_UpdateDisableConfig                  0x080037a9   Thumb Code    24  stm32f10x_tim.o(.text)
    TIM_UpdateRequestConfig                  0x080037c1   Thumb Code    24  stm32f10x_tim.o(.text)
    TIM_SelectHallSensor                     0x080037d9   Thumb Code    24  stm32f10x_tim.o(.text)
    TIM_SelectOnePulseMode                   0x080037f1   Thumb Code    18  stm32f10x_tim.o(.text)
    TIM_SelectOutputTrigger                  0x08003803   Thumb Code    18  stm32f10x_tim.o(.text)
    TIM_SelectSlaveMode                      0x08003815   Thumb Code    18  stm32f10x_tim.o(.text)
    TIM_SelectMasterSlaveMode                0x08003827   Thumb Code    18  stm32f10x_tim.o(.text)
    TIM_SetCounter                           0x08003839   Thumb Code     4  stm32f10x_tim.o(.text)
    TIM_SetAutoreload                        0x0800383d   Thumb Code     4  stm32f10x_tim.o(.text)
    TIM_SetCompare1                          0x08003841   Thumb Code     4  stm32f10x_tim.o(.text)
    TIM_SetCompare2                          0x08003845   Thumb Code     4  stm32f10x_tim.o(.text)
    TIM_SetCompare3                          0x08003849   Thumb Code     4  stm32f10x_tim.o(.text)
    TIM_SetCompare4                          0x0800384d   Thumb Code     6  stm32f10x_tim.o(.text)
    TIM_SetClockDivision                     0x08003853   Thumb Code    18  stm32f10x_tim.o(.text)
    TIM_GetCapture1                          0x08003865   Thumb Code     6  stm32f10x_tim.o(.text)
    TIM_GetCapture2                          0x0800386b   Thumb Code     6  stm32f10x_tim.o(.text)
    TIM_GetCapture3                          0x08003871   Thumb Code     6  stm32f10x_tim.o(.text)
    TIM_GetCapture4                          0x08003877   Thumb Code     8  stm32f10x_tim.o(.text)
    TIM_GetCounter                           0x0800387f   Thumb Code     6  stm32f10x_tim.o(.text)
    TIM_GetPrescaler                         0x08003885   Thumb Code     6  stm32f10x_tim.o(.text)
    TIM_GetFlagStatus                        0x0800388b   Thumb Code    18  stm32f10x_tim.o(.text)
    TIM_ClearFlag                            0x0800389d   Thumb Code     6  stm32f10x_tim.o(.text)
    TIM_GetITStatus                          0x080038a3   Thumb Code    34  stm32f10x_tim.o(.text)
    TIM_ClearITPendingBit                    0x080038c5   Thumb Code     6  stm32f10x_tim.o(.text)
    gizProtocolSum                           0x080038cd   Thumb Code    38  common.o(.text)
    exchangeBytes                            0x080038f3   Thumb Code    26  common.o(.text)
    exchangeWord                             0x0800390d   Thumb Code    26  common.o(.text)
    char2hex                                 0x08003927   Thumb Code   106  common.o(.text)
    checkStringIsNotZero                     0x08003991   Thumb Code    46  common.o(.text)
    returnWeekDay                            0x080039bf   Thumb Code   156  common.o(.text)
    returnNtp2Wt                             0x08003aa7   Thumb Code   274  common.o(.text)
    str2Hex                                  0x08003bb9   Thumb Code    80  common.o(.text)
    hex2Str                                  0x08003c09   Thumb Code    82  common.o(.text)
    gizByteOrderExchange                     0x08003c65   Thumb Code    50  datapointtools.o(.text)
    gizY2X                                   0x08003c97   Thumb Code    14  datapointtools.o(.text)
    gizX2Y                                   0x08003ca5   Thumb Code    12  datapointtools.o(.text)
    gizY2XFloat                              0x08003cb1   Thumb Code    42  datapointtools.o(.text)
    gizX2YFloat                              0x08003cdb   Thumb Code    42  datapointtools.o(.text)
    gizAcrossByteJudge                       0x08003d05   Thumb Code    42  datapointtools.o(.text)
    gizVarlenCompressValue                   0x08003d2f   Thumb Code   124  datapointtools.o(.text)
    gizVarlenDecompressionValue              0x08003dab   Thumb Code   196  datapointtools.o(.text)
    gizStandardDecompressionValue            0x08003e6f   Thumb Code   194  datapointtools.o(.text)
    gizStandardCompressValue                 0x08003f31   Thumb Code   128  datapointtools.o(.text)
    rbCreate                                 0x08003fb1   Thumb Code    22  ringbuffer.o(.text)
    rbDelete                                 0x08003fc7   Thumb Code    24  ringbuffer.o(.text)
    rbCapacity                               0x08003fdf   Thumb Code    14  ringbuffer.o(.text)
    rbCanRead                                0x08003fed   Thumb Code    56  ringbuffer.o(.text)
    rbCanWrite                               0x08004025   Thumb Code    30  ringbuffer.o(.text)
    rbRead                                   0x08004043   Thumb Code   162  ringbuffer.o(.text)
    rbWrite                                  0x080040e5   Thumb Code   154  ringbuffer.o(.text)
    gizwitsEventProcess                      0x08004181   Thumb Code   234  gizwits_product.o(.text)
    userInit                                 0x0800426b   Thumb Code    12  gizwits_product.o(.text)
    gizTimerMs                               0x08004277   Thumb Code    12  gizwits_product.o(.text)
    gizGetTimerCount                         0x08004283   Thumb Code     6  gizwits_product.o(.text)
    mcuRestart                               0x08004289   Thumb Code    38  gizwits_product.o(.text)
    TIMER_IRQ_FUN                            0x080042af   Thumb Code     8  gizwits_product.o(.text)
    UART_IRQ_FUN                             0x080042b7   Thumb Code    16  gizwits_product.o(.text)
    uartWrite                                0x080042c7   Thumb Code    82  gizwits_product.o(.text)
    gizPutData                               0x080043ed   Thumb Code    52  gizwits_protocol.o(.text)
    gizwitsInit                              0x08005603   Thumb Code    46  gizwits_protocol.o(.text)
    gizwitsSetMode                           0x08005631   Thumb Code   604  gizwits_protocol.o(.text)
    gizwitsGetNTP                            0x0800588d   Thumb Code    94  gizwits_protocol.o(.text)
    gizwitsGetModuleInfo                     0x080058eb   Thumb Code   320  gizwits_protocol.o(.text)
    gizwitsHandle                            0x08005a71   Thumb Code   548  gizwits_protocol.o(.text)
    gizwitsPassthroughData                   0x08005c95   Thumb Code   172  gizwits_protocol.o(.text)
    toupper                                  0x08005e71   Thumb Code    12  toupper.o(.text)
    __aeabi_memcpy                           0x08005e7d   Thumb Code    36  memcpya.o(.text)
    __aeabi_memcpy4                          0x08005e7d   Thumb Code     0  memcpya.o(.text)
    __aeabi_memcpy8                          0x08005e7d   Thumb Code     0  memcpya.o(.text)
    __aeabi_memset                           0x08005ea1   Thumb Code    14  memseta.o(.text)
    __aeabi_memset4                          0x08005ea1   Thumb Code     0  memseta.o(.text)
    __aeabi_memset8                          0x08005ea1   Thumb Code     0  memseta.o(.text)
    __aeabi_memclr                           0x08005eaf   Thumb Code     4  memseta.o(.text)
    __aeabi_memclr4                          0x08005eaf   Thumb Code     0  memseta.o(.text)
    __aeabi_memclr8                          0x08005eaf   Thumb Code     0  memseta.o(.text)
    _memset$wrapper                          0x08005eb3   Thumb Code    18  memseta.o(.text)
    strlen                                   0x08005ec5   Thumb Code    14  strlen.o(.text)
    __aeabi_fadd                             0x08005ed3   Thumb Code   164  fadd.o(.text)
    __aeabi_fsub                             0x08005f77   Thumb Code     6  fadd.o(.text)
    __aeabi_frsub                            0x08005f7d   Thumb Code     6  fadd.o(.text)
    __aeabi_fmul                             0x08005f83   Thumb Code   100  fmul.o(.text)
    __aeabi_fdiv                             0x08005fe7   Thumb Code   124  fdiv.o(.text)
    __aeabi_dmul                             0x08006063   Thumb Code   228  dmul.o(.text)
    __aeabi_ui2f                             0x08006147   Thumb Code    10  ffltui.o(.text)
    __aeabi_f2uiz                            0x08006151   Thumb Code    40  ffixui.o(.text)
    __aeabi_f2d                              0x08006179   Thumb Code    38  f2d.o(.text)
    __aeabi_d2f                              0x0800619f   Thumb Code    56  d2f.o(.text)
    __aeabi_uidiv                            0x080061d7   Thumb Code     0  uidiv.o(.text)
    __aeabi_uidivmod                         0x080061d7   Thumb Code    44  uidiv.o(.text)
    __aeabi_uldivmod                         0x08006203   Thumb Code    98  uldiv.o(.text)
    __I$use$fp                               0x08006265   Thumb Code     0  iusefp.o(.text)
    _float_round                             0x08006265   Thumb Code    18  fepilogue.o(.text)
    _float_epilogue                          0x08006277   Thumb Code    92  fepilogue.o(.text)
    _double_round                            0x080062d3   Thumb Code    30  depilogue.o(.text)
    _double_epilogue                         0x080062f1   Thumb Code   156  depilogue.o(.text)
    __aeabi_dadd                             0x0800638d   Thumb Code   322  dadd.o(.text)
    __aeabi_dsub                             0x080064cf   Thumb Code     6  dadd.o(.text)
    __aeabi_drsub                            0x080064d5   Thumb Code     6  dadd.o(.text)
    __aeabi_ddiv                             0x080064db   Thumb Code   222  ddiv.o(.text)
    __aeabi_d2ulz                            0x080065b9   Thumb Code    48  dfixul.o(.text)
    __aeabi_cdrcmple                         0x080065e9   Thumb Code    48  cdrcmple.o(.text)
    __scatterload                            0x08006619   Thumb Code    28  init.o(.text)
    __scatterload_rt2                        0x08006619   Thumb Code     0  init.o(.text)
    __aeabi_llsl                             0x0800663d   Thumb Code    30  llshl.o(.text)
    _ll_shift_l                              0x0800663d   Thumb Code     0  llshl.o(.text)
    __aeabi_llsr                             0x0800665b   Thumb Code    32  llushr.o(.text)
    _ll_ushift_r                             0x0800665b   Thumb Code     0  llushr.o(.text)
    __aeabi_lasr                             0x0800667b   Thumb Code    36  llsshr.o(.text)
    _ll_sshift_r                             0x0800667b   Thumb Code     0  llsshr.o(.text)
    __0printf                                0x080066a1   Thumb Code    22  printfa.o(i.__0printf)
    __1printf                                0x080066a1   Thumb Code     0  printfa.o(i.__0printf)
    __2printf                                0x080066a1   Thumb Code     0  printfa.o(i.__0printf)
    __c89printf                              0x080066a1   Thumb Code     0  printfa.o(i.__0printf)
    printf                                   0x080066a1   Thumb Code     0  printfa.o(i.__0printf)
    __scatterload_copy                       0x080066c1   Thumb Code    14  handlers.o(i.__scatterload_copy)
    __scatterload_null                       0x080066cf   Thumb Code     2  handlers.o(i.__scatterload_null)
    __scatterload_zeroinit                   0x080066d1   Thumb Code    14  handlers.o(i.__scatterload_zeroinit)
    F16x16                                   0x08006f9e   Data         416  oled.o(.constdata)
    F6x8                                     0x0800713e   Data         216  oled.o(.constdata)
    F8X16                                    0x08007216   Data        1520  oled.o(.constdata)
    FP8x16                                   0x08007806   Data         160  oled.o(.constdata)
    F24x48                                   0x080078a6   Data        1728  oled.o(.constdata)
    Region$$Table$$Base                      0x08007f98   Number         0  anon$$obj.o(Region$$Table)
    Region$$Table$$Limit                     0x08007fb8   Number         0  anon$$obj.o(Region$$Table)
    test_flash                               0x20000000   Data           2  main.o(.data)
    data                                     0x20000002   Data           2  main.o(.data)
    wifi_sta                                 0x20000004   Data           1  main.o(.data)
    temperature                              0x20000005   Data           1  main.o(.data)
    humidity                                 0x20000006   Data           1  main.o(.data)
    SystemCoreClock                          0x20000008   Data           4  system_stm32f10x.o(.data)
    AHBPrescTable                            0x2000000c   Data          16  system_stm32f10x.o(.data)
    __stdout                                 0x20000024   Data           4  usart.o(.data)
    USART_RX_STA                             0x20000028   Data           2  usart.o(.data)
    currentDataPoint                         0x20000054   Data          10  main.o(.bss)
    STMFLASH_BUF                             0x2000005e   Data        1024  stmflash.o(.bss)
    USART_RX_BUF                             0x2000045e   Data         200  usart.o(.bss)
    gizwitsProtocol                          0x20000526   Data         274  gizwits_protocol.o(.bss)
    pRb                                      0x20000638   Data          16  gizwits_protocol.o(.bss)
    __initial_sp                             0x20000a78   Data           0  startup_stm32f10x_hd.o(STACK)



==============================================================================

Memory Map of the image

  Image Entry point : 0x08000131

  Load Region LR_IROM1 (Base: 0x08000000, Size: 0x0000800c, Max: 0x00010000, ABSOLUTE)

    Execution Region ER_IROM1 (Base: 0x08000000, Size: 0x00007fb8, Max: 0x00010000, ABSOLUTE)

    Base Addr    Size         Type   Attr      Idx    E Section Name        Object

    0x08000000   0x00000130   Data   RO          518    RESET               startup_stm32f10x_hd.o
    0x08000130   0x00000000   Code   RO          698  * .ARM.Collect$$$$00000000  mc_w.l(entry.o)
    0x08000130   0x00000004   Code   RO          988    .ARM.Collect$$$$00000001  mc_w.l(entry2.o)
    0x08000134   0x00000004   Code   RO          991    .ARM.Collect$$$$00000004  mc_w.l(entry5.o)
    0x08000138   0x00000000   Code   RO          993    .ARM.Collect$$$$00000008  mc_w.l(entry7b.o)
    0x08000138   0x00000000   Code   RO          995    .ARM.Collect$$$$0000000A  mc_w.l(entry8b.o)
    0x08000138   0x00000008   Code   RO          996    .ARM.Collect$$$$0000000B  mc_w.l(entry9a.o)
    0x08000140   0x00000000   Code   RO          998    .ARM.Collect$$$$0000000D  mc_w.l(entry10a.o)
    0x08000140   0x00000000   Code   RO         1000    .ARM.Collect$$$$0000000F  mc_w.l(entry11a.o)
    0x08000140   0x00000004   Code   RO          989    .ARM.Collect$$$$00002712  mc_w.l(entry2.o)
    0x08000144   0x00000478   Code   RO            1    .text               main.o
    0x080005bc   0x0000001a   Code   RO          166    .text               stm32f10x_it.o
    0x080005d6   0x00000002   PAD
    0x080005d8   0x000001e0   Code   RO          264    .text               system_stm32f10x.o
    0x080007b8   0x0000009c   Code   RO          282    .text               led.o
    0x08000854   0x00000428   Code   RO          326    .text               oled.o
    0x08000c7c   0x000000e8   Code   RO          348    .text               adc.o
    0x08000d64   0x00000144   Code   RO          363    .text               stmflash.o
    0x08000ea8   0x0000019c   Code   RO          381    .text               dht11.o
    0x08001044   0x00000078   Code   RO          396    .text               timer.o
    0x080010bc   0x000000d0   Code   RO          421    .text               usart3.o
    0x0800118c   0x000000fc   Code   RO          436    .text               key.o
    0x08001288   0x000000d4   Code   RO          452    .text               delay.o
    0x0800135c   0x00000140   Code   RO          483    .text               usart.o
    0x0800149c   0x00000024   Code   RO          519    .text               startup_stm32f10x_hd.o
    0x080014c0   0x0000035c   Code   RO          523    .text               stm32f10x_gpio.o
    0x0800181c   0x000003a4   Code   RO          535    .text               stm32f10x_rcc.o
    0x08001bc0   0x00000408   Code   RO          549    .text               stm32f10x_usart.o
    0x08001fc8   0x000000dc   Code   RO          561    .text               misc.o
    0x080020a4   0x0000044e   Code   RO          573    .text               stm32f10x_adc.o
    0x080024f2   0x00000002   PAD
    0x080024f4   0x000005bc   Code   RO          585    .text               stm32f10x_flash.o
    0x08002ab0   0x00000e1a   Code   RO          609    .text               stm32f10x_tim.o
    0x080038ca   0x00000002   PAD
    0x080038cc   0x00000398   Code   RO          621    .text               common.o
    0x08003c64   0x0000034c   Code   RO          634    .text               datapointtools.o
    0x08003fb0   0x000001ce   Code   RO          649    .text               ringbuffer.o
    0x0800417e   0x00000002   PAD
    0x08004180   0x0000026c   Code   RO          664    .text               gizwits_product.o
    0x080043ec   0x00001a84   Code   RO          682    .text               gizwits_protocol.o
    0x08005e70   0x0000000c   Code   RO          701    .text               mc_w.l(toupper.o)
    0x08005e7c   0x00000024   Code   RO          703    .text               mc_w.l(memcpya.o)
    0x08005ea0   0x00000024   Code   RO          705    .text               mc_w.l(memseta.o)
    0x08005ec4   0x0000000e   Code   RO          707    .text               mc_w.l(strlen.o)
    0x08005ed2   0x000000b0   Code   RO          972    .text               mf_w.l(fadd.o)
    0x08005f82   0x00000064   Code   RO          974    .text               mf_w.l(fmul.o)
    0x08005fe6   0x0000007c   Code   RO          976    .text               mf_w.l(fdiv.o)
    0x08006062   0x000000e4   Code   RO          978    .text               mf_w.l(dmul.o)
    0x08006146   0x0000000a   Code   RO          980    .text               mf_w.l(ffltui.o)
    0x08006150   0x00000028   Code   RO          982    .text               mf_w.l(ffixui.o)
    0x08006178   0x00000026   Code   RO          984    .text               mf_w.l(f2d.o)
    0x0800619e   0x00000038   Code   RO          986    .text               mf_w.l(d2f.o)
    0x080061d6   0x0000002c   Code   RO         1002    .text               mc_w.l(uidiv.o)
    0x08006202   0x00000062   Code   RO         1004    .text               mc_w.l(uldiv.o)
    0x08006264   0x00000000   Code   RO         1006    .text               mc_w.l(iusefp.o)
    0x08006264   0x0000006e   Code   RO         1007    .text               mf_w.l(fepilogue.o)
    0x080062d2   0x000000ba   Code   RO         1009    .text               mf_w.l(depilogue.o)
    0x0800638c   0x0000014e   Code   RO         1011    .text               mf_w.l(dadd.o)
    0x080064da   0x000000de   Code   RO         1013    .text               mf_w.l(ddiv.o)
    0x080065b8   0x00000030   Code   RO         1015    .text               mf_w.l(dfixul.o)
    0x080065e8   0x00000030   Code   RO         1017    .text               mf_w.l(cdrcmple.o)
    0x08006618   0x00000024   Code   RO         1019    .text               mc_w.l(init.o)
    0x0800663c   0x0000001e   Code   RO         1021    .text               mc_w.l(llshl.o)
    0x0800665a   0x00000020   Code   RO         1023    .text               mc_w.l(llushr.o)
    0x0800667a   0x00000024   Code   RO         1025    .text               mc_w.l(llsshr.o)
    0x0800669e   0x00000002   PAD
    0x080066a0   0x00000020   Code   RO          944    i.__0printf         mc_w.l(printfa.o)
    0x080066c0   0x0000000e   Code   RO         1029    i.__scatterload_copy  mc_w.l(handlers.o)
    0x080066ce   0x00000002   Code   RO         1030    i.__scatterload_null  mc_w.l(handlers.o)
    0x080066d0   0x0000000e   Code   RO         1031    i.__scatterload_zeroinit  mc_w.l(handlers.o)
    0x080066de   0x00000002   PAD
    0x080066e0   0x00000184   Code   RO          951    i._fp_digits        mc_w.l(printfa.o)
    0x08006864   0x000006dc   Code   RO          952    i._printf_core      mc_w.l(printfa.o)
    0x08006f40   0x00000024   Code   RO          953    i._printf_post_padding  mc_w.l(printfa.o)
    0x08006f64   0x0000002e   Code   RO          954    i._printf_pre_padding  mc_w.l(printfa.o)
    0x08006f92   0x00000002   PAD
    0x08006f94   0x0000000a   Data   RO            3    .constdata          main.o
    0x08006f9e   0x00000fc8   Data   RO          327    .constdata          oled.o
    0x08007f66   0x00000002   PAD
    0x08007f68   0x00000030   Data   RO          622    .constdata          common.o
    0x08007f98   0x00000020   Data   RO         1027    Region$$Table       anon$$obj.o


    Execution Region RW_IRAM1 (Base: 0x20000000, Size: 0x00000a78, Max: 0x00005000, ABSOLUTE)

    Base Addr    Size         Type   Attr      Idx    E Section Name        Object

    0x20000000   0x00000007   Data   RW            4    .data               main.o
    0x20000007   0x00000001   PAD
    0x20000008   0x00000014   Data   RW          265    .data               system_stm32f10x.o
    0x2000001c   0x00000001   Data   RW          437    .data               key.o
    0x2000001d   0x00000001   PAD
    0x2000001e   0x00000004   Data   RW          453    .data               delay.o
    0x20000022   0x00000002   PAD
    0x20000024   0x00000006   Data   RW          485    .data               usart.o
    0x2000002a   0x00000014   Data   RW          536    .data               stm32f10x_rcc.o
    0x2000003e   0x00000002   PAD
    0x20000040   0x00000004   Data   RW          665    .data               gizwits_product.o
    0x20000044   0x00000010   Data   RW          684    .data               gizwits_protocol.o
    0x20000054   0x0000000a   Zero   RW            2    .bss                main.o
    0x2000005e   0x00000400   Zero   RW          364    .bss                stmflash.o
    0x2000045e   0x000000c8   Zero   RW          484    .bss                usart.o
    0x20000526   0x00000152   Zero   RW          683    .bss                gizwits_protocol.o
    0x20000678   0x00000400   Zero   RW          516    STACK               startup_stm32f10x_hd.o


==============================================================================

Image component sizes


      Code (inc. data)   RO Data    RW Data    ZI Data      Debug   Object Name

       232          8          0          0          0       1103   adc.o
       920         10         48          0          0       4237   common.o
       844          0          0          0          0       5358   datapointtools.o
       212         18          0          4          0       1047   delay.o
       412         12          0          0          0       2142   dht11.o
       620        232          0          4          0      18026   gizwits_product.o
      6788       1974          0         16        338      11610   gizwits_protocol.o
       252         16          0          1          0        840   key.o
       156          6          0          0          0     213227   led.o
      1144        286         10          7         10     216440   main.o
       220         22          0          0          0       1801   misc.o
      1064         30       4040          0          0       4172   oled.o
       462          0          0          0          0       3103   ringbuffer.o
        36          8        304          0       1024        796   startup_stm32f10x_hd.o
      1102         26          0          0          0      11045   stm32f10x_adc.o
      1468         34          0          0          0       8210   stm32f10x_flash.o
       860         38          0          0          0       5737   stm32f10x_gpio.o
        26          0          0          0          0      51042   stm32f10x_it.o
       932         36          0         20          0       8920   stm32f10x_rcc.o
      3610         88          0          0          0      22844   stm32f10x_tim.o
      1032         22          0          0          0       8460   stm32f10x_usart.o
       324          8          0          0       1024       2738   stmflash.o
         0          0          0          0          0         32   sys.o
       480         38          0         20          0       1743   system_stm32f10x.o
       120          4          0          0          0       8636   timer.o
       320         16          0          6        200       3174   usart.o
       208          8          0          0          0        876   usart3.o

    ----------------------------------------------------------------------
     23852       2940       4436         84       2596     617359   Object Totals
         0          0         32          0          0          0   (incl. Generated)
         8          0          2          6          0          0   (incl. Padding)

    ----------------------------------------------------------------------

      Code (inc. data)   RO Data    RW Data    ZI Data      Debug   Library Member Name

         0          0          0          0          0          0   entry.o
         0          0          0          0          0          0   entry10a.o
         0          0          0          0          0          0   entry11a.o
         8          4          0          0          0          0   entry2.o
         4          0          0          0          0          0   entry5.o
         0          0          0          0          0          0   entry7b.o
         0          0          0          0          0          0   entry8b.o
         8          4          0          0          0          0   entry9a.o
        30          0          0          0          0          0   handlers.o
        36          8          0          0          0         68   init.o
         0          0          0          0          0          0   iusefp.o
        30          0          0          0          0         68   llshl.o
        36          0          0          0          0         68   llsshr.o
        32          0          0          0          0         68   llushr.o
        36          0          0          0          0         68   memcpya.o
        36          0          0          0          0        108   memseta.o
      2258         90          0          0          0        452   printfa.o
        14          0          0          0          0         68   strlen.o
        12          0          0          0          0         68   toupper.o
        44          0          0          0          0         80   uidiv.o
        98          0          0          0          0         92   uldiv.o
        48          0          0          0          0         68   cdrcmple.o
        56          0          0          0          0         88   d2f.o
       334          0          0          0          0        148   dadd.o
       222          0          0          0          0        100   ddiv.o
       186          0          0          0          0        176   depilogue.o
        48          0          0          0          0         68   dfixul.o
       228          0          0          0          0         96   dmul.o
        38          0          0          0          0         68   f2d.o
       176          0          0          0          0        140   fadd.o
       124          0          0          0          0         88   fdiv.o
       110          0          0          0          0        168   fepilogue.o
        40          0          0          0          0         68   ffixui.o
        10          0          0          0          0         68   ffltui.o
       100          0          0          0          0         76   fmul.o

    ----------------------------------------------------------------------
      4408        106          0          0          0       2628   Library Totals
         6          0          0          0          0          0   (incl. Padding)

    ----------------------------------------------------------------------

      Code (inc. data)   RO Data    RW Data    ZI Data      Debug   Library Name

      2682        106          0          0          0       1208   mc_w.l
      1720          0          0          0          0       1420   mf_w.l

    ----------------------------------------------------------------------
      4408        106          0          0          0       2628   Library Totals

    ----------------------------------------------------------------------

==============================================================================


      Code (inc. data)   RO Data    RW Data    ZI Data      Debug   

     28260       3046       4436         84       2596     616447   Grand Totals
     28260       3046       4436         84       2596     616447   ELF Image Totals
     28260       3046       4436         84          0          0   ROM Totals

==============================================================================

    Total RO  Size (Code + RO Data)                32696 (  31.93kB)
    Total RW  Size (RW Data + ZI Data)              2680 (   2.62kB)
    Total ROM Size (Code + RO Data + RW Data)      32780 (  32.01kB)

==============================================================================

